Archive member included to satisfy reference by file (symbol)

/usr/lib/gcc/arm-none-eabi/6.3.1/../../../arm-none-eabi/lib/thumb/v7e-m/fpv4-sp/hard/libc_nano.a(lib_a-atexit.o)
                              /usr/lib/gcc/arm-none-eabi/6.3.1/../../../arm-none-eabi/lib/thumb/v7e-m/fpv4-sp/hard/crt0.o (atexit)
/usr/lib/gcc/arm-none-eabi/6.3.1/../../../arm-none-eabi/lib/thumb/v7e-m/fpv4-sp/hard/libc_nano.a(lib_a-exit.o)
                              /usr/lib/gcc/arm-none-eabi/6.3.1/../../../arm-none-eabi/lib/thumb/v7e-m/fpv4-sp/hard/crt0.o (exit)
/usr/lib/gcc/arm-none-eabi/6.3.1/../../../arm-none-eabi/lib/thumb/v7e-m/fpv4-sp/hard/libc_nano.a(lib_a-fini.o)
                              /usr/lib/gcc/arm-none-eabi/6.3.1/../../../arm-none-eabi/lib/thumb/v7e-m/fpv4-sp/hard/crt0.o (__libc_fini_array)
/usr/lib/gcc/arm-none-eabi/6.3.1/../../../arm-none-eabi/lib/thumb/v7e-m/fpv4-sp/hard/libc_nano.a(lib_a-impure.o)
                              /usr/lib/gcc/arm-none-eabi/6.3.1/../../../arm-none-eabi/lib/thumb/v7e-m/fpv4-sp/hard/libc_nano.a(lib_a-exit.o) (_global_impure_ptr)
/usr/lib/gcc/arm-none-eabi/6.3.1/../../../arm-none-eabi/lib/thumb/v7e-m/fpv4-sp/hard/libc_nano.a(lib_a-init.o)
                              /usr/lib/gcc/arm-none-eabi/6.3.1/../../../arm-none-eabi/lib/thumb/v7e-m/fpv4-sp/hard/crt0.o (__libc_init_array)
/usr/lib/gcc/arm-none-eabi/6.3.1/../../../arm-none-eabi/lib/thumb/v7e-m/fpv4-sp/hard/libc_nano.a(lib_a-memset.o)
                              /usr/lib/gcc/arm-none-eabi/6.3.1/../../../arm-none-eabi/lib/thumb/v7e-m/fpv4-sp/hard/crt0.o (memset)
/usr/lib/gcc/arm-none-eabi/6.3.1/../../../arm-none-eabi/lib/thumb/v7e-m/fpv4-sp/hard/libc_nano.a(lib_a-strlen.o)
                              ./src/tiny_printf.o (strlen)
/usr/lib/gcc/arm-none-eabi/6.3.1/../../../arm-none-eabi/lib/thumb/v7e-m/fpv4-sp/hard/libc_nano.a(lib_a-__atexit.o)
                              /usr/lib/gcc/arm-none-eabi/6.3.1/../../../arm-none-eabi/lib/thumb/v7e-m/fpv4-sp/hard/libc_nano.a(lib_a-atexit.o) (__register_exitproc)
/usr/lib/gcc/arm-none-eabi/6.3.1/../../../arm-none-eabi/lib/thumb/v7e-m/fpv4-sp/hard/libc_nano.a(lib_a-__call_atexit.o)
                              /usr/lib/gcc/arm-none-eabi/6.3.1/../../../arm-none-eabi/lib/thumb/v7e-m/fpv4-sp/hard/libc_nano.a(lib_a-__atexit.o) (__call_exitprocs)
/usr/lib/gcc/arm-none-eabi/6.3.1/../../../arm-none-eabi/lib/thumb/v7e-m/fpv4-sp/hard/libnosys.a(write.o)
                              ./src/tiny_printf.o (_write)
/usr/lib/gcc/arm-none-eabi/6.3.1/../../../arm-none-eabi/lib/thumb/v7e-m/fpv4-sp/hard/libnosys.a(_exit.o)
                              /usr/lib/gcc/arm-none-eabi/6.3.1/../../../arm-none-eabi/lib/thumb/v7e-m/fpv4-sp/hard/libc_nano.a(lib_a-exit.o) (_exit)
/usr/lib/gcc/arm-none-eabi/6.3.1/../../../arm-none-eabi/lib/thumb/v7e-m/fpv4-sp/hard/libnosys.a(errno.o)
                              /usr/lib/gcc/arm-none-eabi/6.3.1/../../../arm-none-eabi/lib/thumb/v7e-m/fpv4-sp/hard/libnosys.a(write.o) (errno)

Allocating common symbols
Common symbol       size              file

errno               0x4               /usr/lib/gcc/arm-none-eabi/6.3.1/../../../arm-none-eabi/lib/thumb/v7e-m/fpv4-sp/hard/libnosys.a(errno.o)
inter_value         0x4               ./src/main.o
adc_value           0x4               ./src/main.o
count               0x4               ./Polytech-library/src/code_eleve.o

Discarded input sections

 .text          0x0000000000000000        0x0 /usr/lib/gcc/arm-none-eabi/6.3.1/thumb/v7e-m/fpv4-sp/hard/crti.o
 .data          0x0000000000000000        0x0 /usr/lib/gcc/arm-none-eabi/6.3.1/thumb/v7e-m/fpv4-sp/hard/crti.o
 .bss           0x0000000000000000        0x0 /usr/lib/gcc/arm-none-eabi/6.3.1/thumb/v7e-m/fpv4-sp/hard/crti.o
 .data          0x0000000000000000        0x4 /usr/lib/gcc/arm-none-eabi/6.3.1/thumb/v7e-m/fpv4-sp/hard/crtbegin.o
 .text          0x0000000000000000       0x68 /usr/lib/gcc/arm-none-eabi/6.3.1/../../../arm-none-eabi/lib/thumb/v7e-m/fpv4-sp/hard/crt0.o
 .data          0x0000000000000000        0x0 /usr/lib/gcc/arm-none-eabi/6.3.1/../../../arm-none-eabi/lib/thumb/v7e-m/fpv4-sp/hard/crt0.o
 .bss           0x0000000000000000        0x0 /usr/lib/gcc/arm-none-eabi/6.3.1/../../../arm-none-eabi/lib/thumb/v7e-m/fpv4-sp/hard/crt0.o
 .ARM.extab     0x0000000000000000        0x0 /usr/lib/gcc/arm-none-eabi/6.3.1/../../../arm-none-eabi/lib/thumb/v7e-m/fpv4-sp/hard/crt0.o
 .ARM.exidx     0x0000000000000000        0x8 /usr/lib/gcc/arm-none-eabi/6.3.1/../../../arm-none-eabi/lib/thumb/v7e-m/fpv4-sp/hard/crt0.o
 .debug_line    0x0000000000000000       0x84 /usr/lib/gcc/arm-none-eabi/6.3.1/../../../arm-none-eabi/lib/thumb/v7e-m/fpv4-sp/hard/crt0.o
 .debug_info    0x0000000000000000       0xb7 /usr/lib/gcc/arm-none-eabi/6.3.1/../../../arm-none-eabi/lib/thumb/v7e-m/fpv4-sp/hard/crt0.o
 .debug_abbrev  0x0000000000000000       0x14 /usr/lib/gcc/arm-none-eabi/6.3.1/../../../arm-none-eabi/lib/thumb/v7e-m/fpv4-sp/hard/crt0.o
 .debug_aranges
[...]
Memory Configuration

Name             Origin             Length             Attributes
FLASH            0x0000000008000000 0x0000000000080000 xr
RAM              0x0000000020000000 0x0000000000020000 xrw
MEMORY_B1        0x0000000060000000 0x0000000000000000 xr
*default*        0x0000000000000000 0xffffffffffffffff

Linker script and memory map

LOAD /usr/lib/gcc/arm-none-eabi/6.3.1/thumb/v7e-m/fpv4-sp/hard/crti.o
LOAD /usr/lib/gcc/arm-none-eabi/6.3.1/thumb/v7e-m/fpv4-sp/hard/crtbegin.o
LOAD /usr/lib/gcc/arm-none-eabi/6.3.1/../../../arm-none-eabi/lib/thumb/v7e-m/fpv4-sp/hard/crt0.o
LOAD ./src/main.o
LOAD ./src/startup_stm32f446xx.o
LOAD ./src/stm32f4xx_it.o
LOAD ./src/system_stm32f4xx.o
LOAD ./src/tiny_printf.o
LOAD ./cmsis_lib/source/misc.o
LOAD ./cmsis_lib/source/stm32f4xx_adc.o
LOAD ./cmsis_lib/source/stm32f4xx_crc.o
LOAD ./cmsis_lib/source/stm32f4xx_dma.o
LOAD ./cmsis_lib/source/stm32f4xx_exti.o
LOAD ./cmsis_lib/source/stm32f4xx_gpio.o
LOAD ./cmsis_lib/source/stm32f4xx_i2c.o
LOAD ./cmsis_lib/source/stm32f4xx_pwr.o
LOAD ./cmsis_lib/source/stm32f4xx_rcc.o
LOAD ./cmsis_lib/source/stm32f4xx_spi.o
LOAD ./cmsis_lib/source/stm32f4xx_syscfg.o
LOAD ./cmsis_lib/source/stm32f4xx_tim.o
LOAD ./Polytech-library/src/Adc.o
LOAD ./Polytech-library/src/Clocks.o
LOAD ./Polytech-library/src/Port_conf.o
LOAD ./Polytech-library/src/Spi.o
LOAD ./Polytech-library/src/Timer.o
LOAD ./Polytech-library/src/Uart.o
LOAD ./Polytech-library/src/code_eleve.o
                0x0000000000001000                malloc_getpagesize_P = 0x1000
START GROUP
LOAD /usr/lib/gcc/arm-none-eabi/6.3.1/../../../arm-none-eabi/lib/thumb/v7e-m/fpv4-sp/hard/libstdc++_nano.a
LOAD /usr/lib/gcc/arm-none-eabi/6.3.1/../../../arm-none-eabi/lib/thumb/v7e-m/fpv4-sp/hard/libsupc++_nano.a
END GROUP
LOAD /usr/lib/gcc/arm-none-eabi/6.3.1/../../../arm-none-eabi/lib/thumb/v7e-m/fpv4-sp/hard/libstdc++_nano.a
LOAD /usr/lib/gcc/arm-none-eabi/6.3.1/../../../arm-none-eabi/lib/thumb/v7e-m/fpv4-sp/hard/libm.a
LOAD /usr/lib/gcc/arm-none-eabi/6.3.1/../../../arm-none-eabi/lib/thumb/v7e-m/fpv4-sp/hard/libc_nano.a
START GROUP
LOAD /usr/lib/gcc/arm-none-eabi/6.3.1/thumb/v7e-m/fpv4-sp/hard/libgcc.a
LOAD /usr/lib/gcc/arm-none-eabi/6.3.1/../../../arm-none-eabi/lib/thumb/v7e-m/fpv4-sp/hard/libc_nano.a
END GROUP
START GROUP
LOAD /usr/lib/gcc/arm-none-eabi/6.3.1/thumb/v7e-m/fpv4-sp/hard/libgcc.a
LOAD /usr/lib/gcc/arm-none-eabi/6.3.1/../../../arm-none-eabi/lib/thumb/v7e-m/fpv4-sp/hard/libc_nano.a
LOAD /usr/lib/gcc/arm-none-eabi/6.3.1/../../../arm-none-eabi/lib/thumb/v7e-m/fpv4-sp/hard/libnosys.a
END GROUP
START GROUP
LOAD /usr/lib/gcc/arm-none-eabi/6.3.1/thumb/v7e-m/fpv4-sp/hard/libgcc.a
LOAD /usr/lib/gcc/arm-none-eabi/6.3.1/../../../arm-none-eabi/lib/thumb/v7e-m/fpv4-sp/hard/libc_nano.a
LOAD /usr/lib/gcc/arm-none-eabi/6.3.1/../../../arm-none-eabi/lib/thumb/v7e-m/fpv4-sp/hard/libnosys.a
END GROUP
LOAD /usr/lib/gcc/arm-none-eabi/6.3.1/thumb/v7e-m/fpv4-sp/hard/crtend.o
LOAD /usr/lib/gcc/arm-none-eabi/6.3.1/thumb/v7e-m/fpv4-sp/hard/crtn.o
                0x0000000020020000                _estack = 0x20020000
                0x0000000000000000                _Min_Heap_Size = 0x0
                0x0000000000000400                _Min_Stack_Size = 0x400

.isr_vector     0x0000000008000000      0x1c4
                0x0000000008000000                . = ALIGN (0x4)
 *(.isr_vector)
 .isr_vector    0x0000000008000000      0x1c4 ./src/startup_stm32f446xx.o
                0x0000000008000000                g_pfnVectors
                0x00000000080001c4                . = ALIGN (0x4)

.text           0x00000000080001c4      0x734
                0x00000000080001c4                . = ALIGN (0x4)
 *(.text)
 .text          0x00000000080001c4       0xa4 /usr/lib/gcc/arm-none-eabi/6.3.1/thumb/v7e-m/fpv4-sp/hard/crtbegin.o
 .text          0x0000000008000268       0x50 /usr/lib/gcc/arm-none-eabi/6.3.1/../../../arm-none-eabi/lib/thumb/v7e-m/fpv4-sp/hard/libc_nano.a(lib_a-init.o)
                0x0000000008000268                __libc_init_array
 *(.text*)
 .text.main     0x00000000080002b8       0x2c ./src/main.o
                0x00000000080002b8                main
 .text.Reset_Handler
                0x00000000080002e4       0x50 ./src/startup_stm32f446xx.o
                0x00000000080002e4                Reset_Handler
 .text.Default_Handler
                0x0000000008000334        0x2 ./src/startup_stm32f446xx.o
                0x0000000008000334                RTC_Alarm_IRQHandler
                0x0000000008000334                EXTI2_IRQHandler
                0x0000000008000334                TIM8_CC_IRQHandler
                0x0000000008000334                SPI4_IRQHandler
                0x0000000008000334                TIM1_CC_IRQHandler
                0x0000000008000334                QuadSPI_IRQHandler
                0x0000000008000334                DMA2_Stream5_IRQHandler
                0x0000000008000334                DMA1_Stream5_IRQHandler
                0x0000000008000334                PVD_IRQHandler
                0x0000000008000334                SDIO_IRQHandler
                0x0000000008000334                TAMP_STAMP_IRQHandler
                0x0000000008000334                CAN2_RX1_IRQHandler
                0x0000000008000334                EXTI3_IRQHandler
                0x0000000008000334                TIM8_TRG_COM_TIM14_IRQHandler
                0x0000000008000334                TIM1_UP_TIM10_IRQHandler
                0x0000000008000334                TIM8_UP_TIM13_IRQHandler
                0x0000000008000334                I2C3_ER_IRQHandler
                0x0000000008000334                FMPI2C1_Event_IRQHandler
                0x0000000008000334                EXTI0_IRQHandler
                0x0000000008000334                I2C2_EV_IRQHandler
                0x0000000008000334                DMA1_Stream2_IRQHandler
                0x0000000008000334                CAN1_RX0_IRQHandler
                0x0000000008000334                FPU_IRQHandler
                0x0000000008000334                OTG_HS_WKUP_IRQHandler
                0x0000000008000334                CAN2_SCE_IRQHandler
                0x0000000008000334                DMA2_Stream2_IRQHandler
                0x0000000008000334                SPI1_IRQHandler
                0x0000000008000334                TIM6_DAC_IRQHandler
                0x0000000008000334                TIM1_BRK_TIM9_IRQHandler
                0x0000000008000334                DCMI_IRQHandler
                0x0000000008000334                CAN2_RX0_IRQHandler
                0x0000000008000334                DMA2_Stream3_IRQHandler
                0x0000000008000334                SAI2_IRQHandler
                0x0000000008000334                USART6_IRQHandler
                0x0000000008000334                USART3_IRQHandler
                0x0000000008000334                CAN1_RX1_IRQHandler
                0x0000000008000334                UART5_IRQHandler
                0x0000000008000334                DMA2_Stream0_IRQHandler
                0x0000000008000334                TIM4_IRQHandler
                0x0000000008000334                I2C1_EV_IRQHandler
                0x0000000008000334                DMA1_Stream6_IRQHandler
                0x0000000008000334                DMA1_Stream1_IRQHandler
                0x0000000008000334                UART4_IRQHandler
                0x0000000008000334                TIM3_IRQHandler
                0x0000000008000334                RCC_IRQHandler
                0x0000000008000334                TIM8_BRK_TIM12_IRQHandler
                0x0000000008000334                Default_Handler
                0x0000000008000334                CEC_IRQHandler
                0x0000000008000334                EXTI15_10_IRQHandler
                0x0000000008000334                ADC_IRQHandler
                0x0000000008000334                DMA1_Stream7_IRQHandler
                0x0000000008000334                TIM7_IRQHandler
                0x0000000008000334                CAN2_TX_IRQHandler
                0x0000000008000334                TIM5_IRQHandler
                0x0000000008000334                DMA2_Stream7_IRQHandler
                0x0000000008000334                I2C3_EV_IRQHandler
                0x0000000008000334                EXTI9_5_IRQHandler
                0x0000000008000334                RTC_WKUP_IRQHandler
                0x0000000008000334                SPDIF_RX_IRQHandler
                0x0000000008000334                SPI2_IRQHandler
                0x0000000008000334                OTG_HS_EP1_IN_IRQHandler
                0x0000000008000334                DMA1_Stream0_IRQHandler
                0x0000000008000334                CAN1_TX_IRQHandler
                0x0000000008000334                EXTI4_IRQHandler
                0x0000000008000334                OTG_HS_EP1_OUT_IRQHandler
                0x0000000008000334                WWDG_IRQHandler
                0x0000000008000334                TIM2_IRQHandler
                0x0000000008000334                OTG_FS_WKUP_IRQHandler
                0x0000000008000334                TIM1_TRG_COM_TIM11_IRQHandler
                0x0000000008000334                OTG_HS_IRQHandler
                0x0000000008000334                EXTI1_IRQHandler
                0x0000000008000334                USART2_IRQHandler
                0x0000000008000334                I2C2_ER_IRQHandler
                0x0000000008000334                DMA2_Stream1_IRQHandler
                0x0000000008000334                CAN1_SCE_IRQHandler
                0x0000000008000334                FLASH_IRQHandler
                0x0000000008000334                DMA2_Stream4_IRQHandler
                0x0000000008000334                USART1_IRQHandler
                0x0000000008000334                OTG_FS_IRQHandler
                0x0000000008000334                SPI3_IRQHandler
                0x0000000008000334                DMA1_Stream4_IRQHandler
                0x0000000008000334                I2C1_ER_IRQHandler
                0x0000000008000334                FMC_IRQHandler
                0x0000000008000334                DMA2_Stream6_IRQHandler
                0x0000000008000334                SAI1_IRQHandler
                0x0000000008000334                DMA1_Stream3_IRQHandler
                0x0000000008000334                FMPI2C1_Error_IRQHandler
 .text.NMI_Handler
                0x0000000008000336        0xe ./src/stm32f4xx_it.o
                0x0000000008000336                NMI_Handler
 .text.HardFault_Handler
                0x0000000008000344        0x6 ./src/stm32f4xx_it.o
                0x0000000008000344                HardFault_Handler
 .text.MemManage_Handler
                0x000000000800034a        0x6 ./src/stm32f4xx_it.o
                0x000000000800034a                MemManage_Handler
 .text.BusFault_Handler
                0x0000000008000350        0x6 ./src/stm32f4xx_it.o
                0x0000000008000350                BusFault_Handler
 .text.UsageFault_Handler
                0x0000000008000356        0x6 ./src/stm32f4xx_it.o
                0x0000000008000356                UsageFault_Handler
 .text.SVC_Handler
                0x000000000800035c        0xe ./src/stm32f4xx_it.o
                0x000000000800035c                SVC_Handler
 .text.DebugMon_Handler
                0x000000000800036a        0xe ./src/stm32f4xx_it.o
                0x000000000800036a                DebugMon_Handler
 .text.PendSV_Handler
                0x0000000008000378        0xe ./src/stm32f4xx_it.o
                0x0000000008000378                PendSV_Handler
 .text.SysTick_Handler
                0x0000000008000386        0xe ./src/stm32f4xx_it.o
                0x0000000008000386                SysTick_Handler
 .text.SystemInit
                0x0000000008000394       0x6c ./src/system_stm32f4xx.o
                0x0000000008000394                SystemInit
 .text.InitAdc  0x0000000008000400       0x18 ./Polytech-library/src/Adc.o
                0x0000000008000400                InitAdc
 .text.Adc_1_Init
                0x0000000008000418       0x2c ./Polytech-library/src/Adc.o
 .text.ADC_1_StartConversion
                0x0000000008000444       0x20 ./Polytech-library/src/Adc.o
                0x0000000008000444                ADC_1_StartConversion
 .text.ADC_1_CheckEndOfConversion
                0x0000000008000464       0x24 ./Polytech-library/src/Adc.o
                0x0000000008000464                ADC_1_CheckEndOfConversion
 .text.ADC_1_ClearEndOfConversion
                0x0000000008000488       0x20 ./Polytech-library/src/Adc.o
                0x0000000008000488                ADC_1_ClearEndOfConversion
 .text.ADC_1_GetResult
                0x00000000080004a8       0x20 ./Polytech-library/src/Adc.o
                0x00000000080004a8                ADC_1_GetResult
 .text.ClockConfiguration
                0x00000000080004c8       0x60 ./Polytech-library/src/Clocks.o
                0x00000000080004c8                ClockConfiguration
 .text.SetClocks
                0x0000000008000528        0xc ./Polytech-library/src/Clocks.o
                0x0000000008000528                SetClocks
 .text.EnablePeripheralClocks
                0x0000000008000534       0x30 ./Polytech-library/src/Clocks.o
 .text.InitPeripheral
                0x0000000008000564       0x9c ./Polytech-library/src/Port_conf.o
                0x0000000008000564                InitPeripheral
 .text.Spi1_Init
                0x0000000008000600       0x20 ./Polytech-library/src/Spi.o
                0x0000000008000600                Spi1_Init
 .text.Spi1Write
                0x0000000008000620       0x20 ./Polytech-library/src/Spi.o
                0x0000000008000620                Spi1Write
 .text.InitTimer_1
                0x0000000008000640       0x38 ./Polytech-library/src/Timer.o
                0x0000000008000640                InitTimer_1
 .text.StartTimer_1
                0x0000000008000678       0x24 ./Polytech-library/src/Timer.o
                0x0000000008000678                StartTimer_1
 .text.StopTimer_1
                0x000000000800069c       0x20 ./Polytech-library/src/Timer.o
                0x000000000800069c                StopTimer_1
 .text.GetUpdateEvent
                0x00000000080006bc       0x20 ./Polytech-library/src/Timer.o
                0x00000000080006bc                GetUpdateEvent
 .text.ResetUpdateEvent
                0x00000000080006dc       0x20 ./Polytech-library/src/Timer.o
                0x00000000080006dc                ResetUpdateEvent
 .text.Timer_t1ms
                0x00000000080006fc       0x40 ./Polytech-library/src/code_eleve.o
                0x00000000080006fc                Timer_t1ms
 .text.Drive_CS_pin
                0x000000000800073c       0x2c ./Polytech-library/src/code_eleve.o
 .text.WriteToDAC
                0x0000000008000768       0x60 ./Polytech-library/src/code_eleve.o
                0x0000000008000768                WriteToDAC
 .text.RAZTAMP  0x00000000080007c8       0x34 ./Polytech-library/src/code_eleve.o
                0x00000000080007c8                RAZTAMP
 .text.INSTAMP  0x00000000080007fc       0x48 ./Polytech-library/src/code_eleve.o
                0x00000000080007fc                INSTAMP
 .text.filtre   0x0000000008000844       0x9c ./Polytech-library/src/code_eleve.o
                0x0000000008000844                filtre
 *(.glue_7)
 .glue_7        0x00000000080008e0        0x0 linker stubs
 *(.glue_7t)
 .glue_7t       0x00000000080008e0        0x0 linker stubs
 *(.eh_frame)
 .eh_frame      0x00000000080008e0        0x0 /usr/lib/gcc/arm-none-eabi/6.3.1/thumb/v7e-m/fpv4-sp/hard/crtbegin.o
 *(.init)
 .init          0x00000000080008e0        0x4 /usr/lib/gcc/arm-none-eabi/6.3.1/thumb/v7e-m/fpv4-sp/hard/crti.o
                0x00000000080008e0                _init
 .init          0x00000000080008e4        0x8 /usr/lib/gcc/arm-none-eabi/6.3.1/thumb/v7e-m/fpv4-sp/hard/crtn.o
 *(.fini)
 .fini          0x00000000080008ec        0x4 /usr/lib/gcc/arm-none-eabi/6.3.1/thumb/v7e-m/fpv4-sp/hard/crti.o
                0x00000000080008ec                _fini
 .fini          0x00000000080008f0        0x8 /usr/lib/gcc/arm-none-eabi/6.3.1/thumb/v7e-m/fpv4-sp/hard/crtn.o
                0x00000000080008f8                . = ALIGN (0x4)
                0x00000000080008f8                _etext = .

.vfp11_veneer   0x00000000080008f8        0x0
 .vfp11_veneer  0x00000000080008f8        0x0 linker stubs

.v4_bx          0x00000000080008f8        0x0
 .v4_bx         0x00000000080008f8        0x0 linker stubs

.iplt           0x00000000080008f8        0x0
 .iplt          0x00000000080008f8        0x0 /usr/lib/gcc/arm-none-eabi/6.3.1/thumb/v7e-m/fpv4-sp/hard/crtbegin.o

.rel.dyn        0x00000000080008f8        0x0
 .rel.iplt      0x00000000080008f8        0x0 /usr/lib/gcc/arm-none-eabi/6.3.1/thumb/v7e-m/fpv4-sp/hard/crtbegin.o

.rodata         0x00000000080008f8        0x0
                0x00000000080008f8                . = ALIGN (0x4)
 *(.rodata)
 *(.rodata*)
                0x00000000080008f8                . = ALIGN (0x4)

.ARM.extab
 *(.ARM.extab* .gnu.linkonce.armextab.*)

.ARM            0x00000000080008f8        0x0
                0x00000000080008f8                __exidx_start = .
 *(.ARM.exidx*)
                0x00000000080008f8                __exidx_end = .

.preinit_array  0x00000000080008f8        0x0
                0x00000000080008f8                PROVIDE (__preinit_array_start, .)
 *(.preinit_array*)
                0x00000000080008f8                PROVIDE (__preinit_array_end, .)

.init_array     0x00000000080008f8        0x4
                0x00000000080008f8                PROVIDE (__init_array_start, .)
 *(SORT(.init_array.*))
 *(.init_array*)
 .init_array    0x00000000080008f8        0x4 /usr/lib/gcc/arm-none-eabi/6.3.1/thumb/v7e-m/fpv4-sp/hard/crtbegin.o
                0x00000000080008fc                PROVIDE (__init_array_end, .)

.fini_array     0x00000000080008fc        0x4
                0x00000000080008fc                PROVIDE (__fini_array_start, .)
 *(SORT(.fini_array.*))
 *(.fini_array*)
 .fini_array    0x00000000080008fc        0x4 /usr/lib/gcc/arm-none-eabi/6.3.1/thumb/v7e-m/fpv4-sp/hard/crtbegin.o
                0x0000000008000900                PROVIDE (__fini_array_end, .)
                0x0000000008000900                _sidata = LOADADDR (.data)

.data           0x0000000020000000       0xa4 load address 0x0000000008000900
                0x0000000020000000                . = ALIGN (0x4)
                0x0000000020000000                _sdata = .
 *(.data)
 *(.data*)
 .data.COEFFS   0x0000000020000000       0xa2 ./Polytech-library/src/code_eleve.o
                0x00000000200000a4                . = ALIGN (0x4)
 *fill*         0x00000000200000a2        0x2 
                0x00000000200000a4                _edata = .

.jcr            0x00000000200000a4        0x0 load address 0x00000000080009a4
 .jcr           0x00000000200000a4        0x0 /usr/lib/gcc/arm-none-eabi/6.3.1/thumb/v7e-m/fpv4-sp/hard/crtbegin.o

.tm_clone_table
                0x00000000200000a4        0x0 load address 0x00000000080009a4
 .tm_clone_table
                0x00000000200000a4        0x0 /usr/lib/gcc/arm-none-eabi/6.3.1/thumb/v7e-m/fpv4-sp/hard/crtbegin.o
 .tm_clone_table
                0x00000000200000a4        0x0 /usr/lib/gcc/arm-none-eabi/6.3.1/thumb/v7e-m/fpv4-sp/hard/crtend.o

.igot.plt       0x00000000200000a4        0x0 load address 0x00000000080009a4
 .igot.plt      0x00000000200000a4        0x0 /usr/lib/gcc/arm-none-eabi/6.3.1/thumb/v7e-m/fpv4-sp/hard/crtbegin.o
                0x00000000200000a4                . = ALIGN (0x4)

.bss            0x00000000200000a4       0xc0 load address 0x00000000080009a4
                0x00000000200000a4                _sbss = .
                0x00000000200000a4                __bss_start__ = _sbss
 *(.bss)
 .bss           0x00000000200000a4       0x1c /usr/lib/gcc/arm-none-eabi/6.3.1/thumb/v7e-m/fpv4-sp/hard/crtbegin.o
 *(.bss*)
 .bss.TAMPON    0x00000000200000c0       0xa2 ./Polytech-library/src/code_eleve.o
 *(COMMON)
                0x0000000020000164                . = ALIGN (0x4)
 *fill*         0x0000000020000162        0x2 
                0x0000000020000164                _ebss = .
                0x0000000020000164                __bss_end__ = _ebss

._user_heap_stack
                0x0000000020000164      0x400 load address 0x00000000080009a4
                0x0000000020000164                . = ALIGN (0x4)
                [!provide]                        PROVIDE (end, .)
                [!provide]                        PROVIDE (_end, .)
                0x0000000020000164                . = (. + _Min_Heap_Size)
                0x0000000020000564                . = (. + _Min_Stack_Size)
 *fill*         0x0000000020000164      0x400 
                0x0000000020000564                . = ALIGN (0x4)

.memory_b1_text
 *(.mb1text)
 *(.mb1text*)
 *(.mb1rodata)
 *(.mb1rodata*)

/DISCARD/
 libc.a(*)
 libm.a(*)
 libgcc.a(*)

.ARM.attributes
                0x0000000000000000       0x30
 *(.ARM.attributes)
 .ARM.attributes
                0x0000000000000000       0x22 /usr/lib/gcc/arm-none-eabi/6.3.1/thumb/v7e-m/fpv4-sp/hard/crti.o
 .ARM.attributes
                0x0000000000000022       0x34 /usr/lib/gcc/arm-none-eabi/6.3.1/thumb/v7e-m/fpv4-sp/hard/crtbegin.o
 .ARM.attributes
                0x0000000000000056       0x39 ./src/main.o
 .ARM.attributes
                0x000000000000008f       0x21 ./src/startup_stm32f446xx.o
 .ARM.attributes
                0x00000000000000b0       0x39 ./src/stm32f4xx_it.o
 .ARM.attributes
                0x00000000000000e9       0x39 ./src/system_stm32f4xx.o
 .ARM.attributes
                0x0000000000000122       0x39 ./Polytech-library/src/Adc.o
 .ARM.attributes
                0x000000000000015b       0x39 ./Polytech-library/src/Clocks.o
 .ARM.attributes
                0x0000000000000194       0x39 ./Polytech-library/src/Port_conf.o
 .ARM.attributes
                0x00000000000001cd       0x39 ./Polytech-library/src/Spi.o
 .ARM.attributes
                0x0000000000000206       0x39 ./Polytech-library/src/Timer.o
 .ARM.attributes
                0x000000000000023f       0x39 ./Polytech-library/src/code_eleve.o
 .ARM.attributes
                0x0000000000000278       0x34 /usr/lib/gcc/arm-none-eabi/6.3.1/../../../arm-none-eabi/lib/thumb/v7e-m/fpv4-sp/hard/libc_nano.a(lib_a-init.o)
 .ARM.attributes
                0x00000000000002ac       0x34 /usr/lib/gcc/arm-none-eabi/6.3.1/thumb/v7e-m/fpv4-sp/hard/crtend.o
 .ARM.attributes
                0x00000000000002e0       0x22 /usr/lib/gcc/arm-none-eabi/6.3.1/thumb/v7e-m/fpv4-sp/hard/crtn.o
OUTPUT(Polytech-IESE-E2i-SPI.elf elf32-littlearm)

.comment        0x0000000000000000       0x31
 .comment       0x0000000000000000       0x31 /usr/lib/gcc/arm-none-eabi/6.3.1/thumb/v7e-m/fpv4-sp/hard/crtbegin.o
                                         0x32 (size before relaxing)
 .comment       0x0000000000000031       0x32 ./src/main.o
 .comment       0x0000000000000031       0x32 ./src/stm32f4xx_it.o
 .comment       0x0000000000000031       0x32 ./src/system_stm32f4xx.o
 .comment       0x0000000000000031       0x32 ./Polytech-library/src/Adc.o
 .comment       0x0000000000000031       0x32 ./Polytech-library/src/Clocks.o
 .comment       0x0000000000000031       0x32 ./Polytech-library/src/Port_conf.o
 .comment       0x0000000000000031       0x32 ./Polytech-library/src/Spi.o
 .comment       0x0000000000000031       0x32 ./Polytech-library/src/Timer.o
 .comment       0x0000000000000031       0x32 ./Polytech-library/src/code_eleve.o
 .comment       0x0000000000000031       0x32 /usr/lib/gcc/arm-none-eabi/6.3.1/../../../arm-none-eabi/lib/thumb/v7e-m/fpv4-sp/hard/libc_nano.a(lib_a-init.o)
 .comment       0x0000000000000031       0x32 /usr/lib/gcc/arm-none-eabi/6.3.1/thumb/v7e-m/fpv4-sp/hard/crtend.o

.debug_info     0x0000000000000000     0x17d6
 .debug_info    0x0000000000000000      0x100 ./src/main.o
 .debug_info    0x0000000000000100       0x89 ./src/startup_stm32f446xx.o
 .debug_info    0x0000000000000189       0xbf ./src/stm32f4xx_it.o
 .debug_info    0x0000000000000248      0x503 ./src/system_stm32f4xx.o
 .debug_info    0x000000000000074b      0x2ba ./Polytech-library/src/Adc.o
 .debug_info    0x0000000000000a05      0x350 ./Polytech-library/src/Clocks.o
 .debug_info    0x0000000000000d55      0x171 ./Polytech-library/src/Port_conf.o
 .debug_info    0x0000000000000ec6      0x17e ./Polytech-library/src/Spi.o
 .debug_info    0x0000000000001044      0x269 ./Polytech-library/src/Timer.o
 .debug_info    0x00000000000012ad      0x419 ./Polytech-library/src/code_eleve.o
 .debug_info    0x00000000000016c6      0x110 /usr/lib/gcc/arm-none-eabi/6.3.1/../../../arm-none-eabi/lib/thumb/v7e-m/fpv4-sp/hard/libc_nano.a(lib_a-init.o)

.debug_abbrev   0x0000000000000000      0x8ac
 .debug_abbrev  0x0000000000000000       0xa1 ./src/main.o
 .debug_abbrev  0x00000000000000a1       0x12 ./src/startup_stm32f446xx.o
 .debug_abbrev  0x00000000000000b3       0x2c ./src/stm32f4xx_it.o
 .debug_abbrev  0x00000000000000df      0x11f ./src/system_stm32f4xx.o
 .debug_abbrev  0x00000000000001fe      0x10b ./Polytech-library/src/Adc.o
 .debug_abbrev  0x0000000000000309       0xff ./Polytech-library/src/Clocks.o
 .debug_abbrev  0x0000000000000408       0xc2 ./Polytech-library/src/Port_conf.o
 .debug_abbrev  0x00000000000004ca       0xd9 ./Polytech-library/src/Spi.o
 .debug_abbrev  0x00000000000005a3       0xca ./Polytech-library/src/Timer.o
 .debug_abbrev  0x000000000000066d      0x185 ./Polytech-library/src/code_eleve.o
 .debug_abbrev  0x00000000000007f2       0xba /usr/lib/gcc/arm-none-eabi/6.3.1/../../../arm-none-eabi/lib/thumb/v7e-m/fpv4-sp/hard/libc_nano.a(lib_a-init.o)

.debug_aranges  0x0000000000000000      0x250
 .debug_aranges
                0x0000000000000000       0x20 ./src/main.o
 .debug_aranges
                0x0000000000000020       0x28 ./src/startup_stm32f446xx.o
 .debug_aranges
                0x0000000000000048       0x60 ./src/stm32f4xx_it.o
 .debug_aranges
                0x00000000000000a8       0x28 ./src/system_stm32f4xx.o
 .debug_aranges
                0x00000000000000d0       0x48 ./Polytech-library/src/Adc.o
 .debug_aranges
                0x0000000000000118       0x30 ./Polytech-library/src/Clocks.o
 .debug_aranges
                0x0000000000000148       0x20 ./Polytech-library/src/Port_conf.o
 .debug_aranges
                0x0000000000000168       0x28 ./Polytech-library/src/Spi.o
 .debug_aranges
                0x0000000000000190       0x48 ./Polytech-library/src/Timer.o
 .debug_aranges
                0x00000000000001d8       0x58 ./Polytech-library/src/code_eleve.o
 .debug_aranges
                0x0000000000000230       0x20 /usr/lib/gcc/arm-none-eabi/6.3.1/../../../arm-none-eabi/lib/thumb/v7e-m/fpv4-sp/hard/libc_nano.a(lib_a-init.o)

.debug_ranges   0x0000000000000000      0x198
 .debug_ranges  0x0000000000000000       0x10 ./src/main.o
 .debug_ranges  0x0000000000000010       0x20 ./src/startup_stm32f446xx.o
 .debug_ranges  0x0000000000000030       0x50 ./src/stm32f4xx_it.o
 .debug_ranges  0x0000000000000080       0x18 ./src/system_stm32f4xx.o
 .debug_ranges  0x0000000000000098       0x38 ./Polytech-library/src/Adc.o
 .debug_ranges  0x00000000000000d0       0x20 ./Polytech-library/src/Clocks.o
 .debug_ranges  0x00000000000000f0       0x10 ./Polytech-library/src/Port_conf.o
 .debug_ranges  0x0000000000000100       0x18 ./Polytech-library/src/Spi.o
 .debug_ranges  0x0000000000000118       0x38 ./Polytech-library/src/Timer.o
 .debug_ranges  0x0000000000000150       0x48 ./Polytech-library/src/code_eleve.o

.debug_line     0x0000000000000000      0xd65
 .debug_line    0x0000000000000000      0x10b ./src/main.o
 .debug_line    0x000000000000010b       0x7b ./src/startup_stm32f446xx.o
 .debug_line    0x0000000000000186       0xdf ./src/stm32f4xx_it.o
 .debug_line    0x0000000000000265      0x148 ./src/system_stm32f4xx.o
 .debug_line    0x00000000000003ad      0x17d ./Polytech-library/src/Adc.o
 .debug_line    0x000000000000052a      0x155 ./Polytech-library/src/Clocks.o
 .debug_line    0x000000000000067f      0x12f ./Polytech-library/src/Port_conf.o
 .debug_line    0x00000000000007ae      0x131 ./Polytech-library/src/Spi.o
 .debug_line    0x00000000000008df      0x17e ./Polytech-library/src/Timer.o
 .debug_line    0x0000000000000a5d      0x24a ./Polytech-library/src/code_eleve.o
 .debug_line    0x0000000000000ca7       0xbe /usr/lib/gcc/arm-none-eabi/6.3.1/../../../arm-none-eabi/lib/thumb/v7e-m/fpv4-sp/hard/libc_nano.a(lib_a-init.o)

.debug_str      0x0000000000000000      0x996
 .debug_str     0x0000000000000000      0x19c ./src/main.o
                                        0x1e1 (size before relaxing)
 .debug_str     0x000000000000019c       0xa6 ./src/stm32f4xx_it.o
                                        0x186 (size before relaxing)
 .debug_str     0x0000000000000242      0x1de ./src/system_stm32f4xx.o
                                        0x39b (size before relaxing)
 .debug_str     0x0000000000000420      0x10a ./Polytech-library/src/Adc.o
                                        0x2d5 (size before relaxing)
 .debug_str     0x000000000000052a       0x7d ./Polytech-library/src/Clocks.o
                                        0x353 (size before relaxing)
 .debug_str     0x00000000000005a7       0x65 ./Polytech-library/src/Port_conf.o
                                        0x215 (size before relaxing)
 .debug_str     0x000000000000060c       0x5d ./Polytech-library/src/Spi.o
                                        0x215 (size before relaxing)
 .debug_str     0x0000000000000669       0xb9 ./Polytech-library/src/Timer.o
                                        0x27d (size before relaxing)
 .debug_str     0x0000000000000722       0xb9 ./Polytech-library/src/code_eleve.o
                                        0x30a (size before relaxing)
 .debug_str     0x00000000000007db      0x1bb /usr/lib/gcc/arm-none-eabi/6.3.1/../../../arm-none-eabi/lib/thumb/v7e-m/fpv4-sp/hard/libc_nano.a(lib_a-init.o)
                                        0x253 (size before relaxing)

.debug_frame    0x0000000000000000      0x5a4
 .debug_frame   0x0000000000000000       0x2c ./src/main.o
 .debug_frame   0x000000000000002c      0x110 ./src/stm32f4xx_it.o
 .debug_frame   0x000000000000013c       0x58 ./src/system_stm32f4xx.o
 .debug_frame   0x0000000000000194       0xdc ./Polytech-library/src/Adc.o
 .debug_frame   0x0000000000000270       0x74 ./Polytech-library/src/Clocks.o
 .debug_frame   0x00000000000002e4       0x30 ./Polytech-library/src/Port_conf.o
 .debug_frame   0x0000000000000314       0x58 ./Polytech-library/src/Spi.o
 .debug_frame   0x000000000000036c       0xd0 ./Polytech-library/src/Timer.o
 .debug_frame   0x000000000000043c      0x13c ./Polytech-library/src/code_eleve.o
 .debug_frame   0x0000000000000578       0x2c /usr/lib/gcc/arm-none-eabi/6.3.1/../../../arm-none-eabi/lib/thumb/v7e-m/fpv4-sp/hard/libc_nano.a(lib_a-init.o)

.debug_loc      0x0000000000000000       0xae
 .debug_loc     0x0000000000000000       0xae /usr/lib/gcc/arm-none-eabi/6.3.1/../../../arm-none-eabi/lib/thumb/v7e-m/fpv4-sp/hard/libc_nano.a(lib_a-init.o)

.stabstr        0x0000000000000000       0x3f
 .stabstr       0x0000000000000000       0x3f /usr/lib/gcc/arm-none-eabi/6.3.1/../../../arm-none-eabi/lib/thumb/v7e-m/fpv4-sp/hard/libnosys.a(write.o)

Cross Reference Table

Symbol                                            File
ADC_1_CheckEndOfConversion                        ./Polytech-library/src/Adc.o
                                                  ./Polytech-library/src/code_eleve.o
ADC_1_ClearEndOfConversion                        ./Polytech-library/src/Adc.o
                                                  ./Polytech-library/src/code_eleve.o
ADC_1_GetResult                                   ./Polytech-library/src/Adc.o
                                                  ./Polytech-library/src/code_eleve.o
ADC_1_StartConversion                             ./Polytech-library/src/Adc.o
                                                  ./Polytech-library/src/code_eleve.o
ADC_AnalogWatchdogCmd                             ./cmsis_lib/source/stm32f4xx_adc.o
ADC_AnalogWatchdogSingleChannelConfig             ./cmsis_lib/source/stm32f4xx_adc.o
ADC_AnalogWatchdogThresholdsConfig                ./cmsis_lib/source/stm32f4xx_adc.o
ADC_AutoInjectedConvCmd                           ./cmsis_lib/source/stm32f4xx_adc.o
ADC_ClearFlag                                     ./cmsis_lib/source/stm32f4xx_adc.o
ADC_ClearITPendingBit                             ./cmsis_lib/source/stm32f4xx_adc.o
ADC_Cmd                                           ./cmsis_lib/source/stm32f4xx_adc.o
ADC_CommonInit                                    ./cmsis_lib/source/stm32f4xx_adc.o
ADC_CommonStructInit                              ./cmsis_lib/source/stm32f4xx_adc.o
ADC_ContinuousModeCmd                             ./cmsis_lib/source/stm32f4xx_adc.o
ADC_DMACmd                                        ./cmsis_lib/source/stm32f4xx_adc.o
ADC_DMARequestAfterLastTransferCmd                ./cmsis_lib/source/stm32f4xx_adc.o
ADC_DeInit                                        ./cmsis_lib/source/stm32f4xx_adc.o
ADC_DiscModeChannelCountConfig                    ./cmsis_lib/source/stm32f4xx_adc.o
ADC_DiscModeCmd                                   ./cmsis_lib/source/stm32f4xx_adc.o
ADC_EOCOnEachRegularChannelCmd                    ./cmsis_lib/source/stm32f4xx_adc.o
ADC_ExternalTrigInjectedConvConfig                ./cmsis_lib/source/stm32f4xx_adc.o
ADC_ExternalTrigInjectedConvEdgeConfig            ./cmsis_lib/source/stm32f4xx_adc.o
ADC_GetConversionValue                            ./cmsis_lib/source/stm32f4xx_adc.o
ADC_GetFlagStatus                                 ./cmsis_lib/source/stm32f4xx_adc.o
ADC_GetITStatus                                   ./cmsis_lib/source/stm32f4xx_adc.o
ADC_GetInjectedConversionValue                    ./cmsis_lib/source/stm32f4xx_adc.o
ADC_GetMultiModeConversionValue                   ./cmsis_lib/source/stm32f4xx_adc.o
ADC_GetSoftwareStartConvStatus                    ./cmsis_lib/source/stm32f4xx_adc.o
ADC_GetSoftwareStartInjectedConvCmdStatus         ./cmsis_lib/source/stm32f4xx_adc.o
ADC_IRQHandler                                    ./src/startup_stm32f446xx.o
ADC_ITConfig                                      ./cmsis_lib/source/stm32f4xx_adc.o
ADC_Init                                          ./cmsis_lib/source/stm32f4xx_adc.o
ADC_InjectedChannelConfig                         ./cmsis_lib/source/stm32f4xx_adc.o
ADC_InjectedDiscModeCmd                           ./cmsis_lib/source/stm32f4xx_adc.o
ADC_InjectedSequencerLengthConfig                 ./cmsis_lib/source/stm32f4xx_adc.o
ADC_MultiModeDMARequestAfterLastTransferCmd       ./cmsis_lib/source/stm32f4xx_adc.o
ADC_RegularChannelConfig                          ./cmsis_lib/source/stm32f4xx_adc.o
ADC_SetInjectedOffset                             ./cmsis_lib/source/stm32f4xx_adc.o
ADC_SoftwareStartConv                             ./cmsis_lib/source/stm32f4xx_adc.o
ADC_SoftwareStartInjectedConv                     ./cmsis_lib/source/stm32f4xx_adc.o
ADC_StructInit                                    ./cmsis_lib/source/stm32f4xx_adc.o
ADC_TempSensorVrefintCmd                          ./cmsis_lib/source/stm32f4xx_adc.o
ADC_VBATCmd                                       ./cmsis_lib/source/stm32f4xx_adc.o
AHBPrescTable                                     ./src/system_stm32f4xx.o
BusFault_Handler                                  ./src/stm32f4xx_it.o
                                                  ./src/startup_stm32f446xx.o
CAN1_RX0_IRQHandler                               ./src/startup_stm32f446xx.o
CAN1_RX1_IRQHandler                               ./src/startup_stm32f446xx.o
CAN1_SCE_IRQHandler                               ./src/startup_stm32f446xx.o
CAN1_TX_IRQHandler                                ./src/startup_stm32f446xx.o
CAN2_RX0_IRQHandler                               ./src/startup_stm32f446xx.o
CAN2_RX1_IRQHandler                               ./src/startup_stm32f446xx.o
CAN2_SCE_IRQHandler                               ./src/startup_stm32f446xx.o
CAN2_TX_IRQHandler                                ./src/startup_stm32f446xx.o
CEC_IRQHandler                                    ./src/startup_stm32f446xx.o
CRC_CalcBlockCRC                                  ./cmsis_lib/source/stm32f4xx_crc.o
CRC_CalcCRC                                       ./cmsis_lib/source/stm32f4xx_crc.o
CRC_GetCRC                                        ./cmsis_lib/source/stm32f4xx_crc.o
CRC_GetIDRegister                                 ./cmsis_lib/source/stm32f4xx_crc.o
CRC_ResetDR                                       ./cmsis_lib/source/stm32f4xx_crc.o
CRC_SetIDRegister                                 ./cmsis_lib/source/stm32f4xx_crc.o
CheckUart1RxFlag                                  ./Polytech-library/src/Uart.o
ClockConfiguration                                ./Polytech-library/src/Clocks.o
                                                  ./src/main.o
DCMI_IRQHandler                                   ./src/startup_stm32f446xx.o
DMA1_Stream0_IRQHandler                           ./src/startup_stm32f446xx.o
DMA1_Stream1_IRQHandler                           ./src/startup_stm32f446xx.o
DMA1_Stream2_IRQHandler                           ./src/startup_stm32f446xx.o
DMA1_Stream3_IRQHandler                           ./src/startup_stm32f446xx.o
DMA1_Stream4_IRQHandler                           ./src/startup_stm32f446xx.o
DMA1_Stream5_IRQHandler                           ./src/startup_stm32f446xx.o
DMA1_Stream6_IRQHandler                           ./src/startup_stm32f446xx.o
DMA1_Stream7_IRQHandler                           ./src/startup_stm32f446xx.o
DMA2_Stream0_IRQHandler                           ./src/startup_stm32f446xx.o
DMA2_Stream1_IRQHandler                           ./src/startup_stm32f446xx.o
DMA2_Stream2_IRQHandler                           ./src/startup_stm32f446xx.o
DMA2_Stream3_IRQHandler                           ./src/startup_stm32f446xx.o
DMA2_Stream4_IRQHandler                           ./src/startup_stm32f446xx.o
DMA2_Stream5_IRQHandler                           ./src/startup_stm32f446xx.o
DMA2_Stream6_IRQHandler                           ./src/startup_stm32f446xx.o
DMA2_Stream7_IRQHandler                           ./src/startup_stm32f446xx.o
DMA_ClearFlag                                     ./cmsis_lib/source/stm32f4xx_dma.o
DMA_ClearITPendingBit                             ./cmsis_lib/source/stm32f4xx_dma.o
DMA_Cmd                                           ./cmsis_lib/source/stm32f4xx_dma.o
DMA_DeInit                                        ./cmsis_lib/source/stm32f4xx_dma.o
DMA_DoubleBufferModeCmd                           ./cmsis_lib/source/stm32f4xx_dma.o
DMA_DoubleBufferModeConfig                        ./cmsis_lib/source/stm32f4xx_dma.o
DMA_FlowControllerConfig                          ./cmsis_lib/source/stm32f4xx_dma.o
DMA_GetCmdStatus                                  ./cmsis_lib/source/stm32f4xx_dma.o
DMA_GetCurrDataCounter                            ./cmsis_lib/source/stm32f4xx_dma.o
DMA_GetCurrentMemoryTarget                        ./cmsis_lib/source/stm32f4xx_dma.o
DMA_GetFIFOStatus                                 ./cmsis_lib/source/stm32f4xx_dma.o
DMA_GetFlagStatus                                 ./cmsis_lib/source/stm32f4xx_dma.o
DMA_GetITStatus                                   ./cmsis_lib/source/stm32f4xx_dma.o
DMA_ITConfig                                      ./cmsis_lib/source/stm32f4xx_dma.o
DMA_Init                                          ./cmsis_lib/source/stm32f4xx_dma.o
DMA_MemoryTargetConfig                            ./cmsis_lib/source/stm32f4xx_dma.o
DMA_PeriphIncOffsetSizeConfig                     ./cmsis_lib/source/stm32f4xx_dma.o
DMA_SetCurrDataCounter                            ./cmsis_lib/source/stm32f4xx_dma.o
DMA_StructInit                                    ./cmsis_lib/source/stm32f4xx_dma.o
DebugMon_Handler                                  ./src/stm32f4xx_it.o
                                                  ./src/startup_stm32f446xx.o
Default_Handler                                   ./src/startup_stm32f446xx.o
EXTI0_IRQHandler                                  ./src/startup_stm32f446xx.o
EXTI15_10_IRQHandler                              ./src/startup_stm32f446xx.o
EXTI1_IRQHandler                                  ./src/startup_stm32f446xx.o
EXTI2_IRQHandler                                  ./src/startup_stm32f446xx.o
EXTI3_IRQHandler                                  ./src/startup_stm32f446xx.o
EXTI4_IRQHandler                                  ./src/startup_stm32f446xx.o
EXTI9_5_IRQHandler                                ./src/startup_stm32f446xx.o
EXTI_ClearFlag                                    ./cmsis_lib/source/stm32f4xx_exti.o
EXTI_ClearITPendingBit                            ./cmsis_lib/source/stm32f4xx_exti.o
EXTI_DeInit                                       ./cmsis_lib/source/stm32f4xx_exti.o
EXTI_GenerateSWInterrupt                          ./cmsis_lib/source/stm32f4xx_exti.o
EXTI_GetFlagStatus                                ./cmsis_lib/source/stm32f4xx_exti.o
EXTI_GetITStatus                                  ./cmsis_lib/source/stm32f4xx_exti.o
EXTI_Init                                         ./cmsis_lib/source/stm32f4xx_exti.o
EXTI_StructInit                                   ./cmsis_lib/source/stm32f4xx_exti.o
FLASH_IRQHandler                                  ./src/startup_stm32f446xx.o
FMC_IRQHandler                                    ./src/startup_stm32f446xx.o
FMPI2C1_Error_IRQHandler                          ./src/startup_stm32f446xx.o
FMPI2C1_Event_IRQHandler                          ./src/startup_stm32f446xx.o
FPU_IRQHandler                                    ./src/startup_stm32f446xx.o
GPIO_DeInit                                       ./cmsis_lib/source/stm32f4xx_gpio.o
GPIO_Init                                         ./cmsis_lib/source/stm32f4xx_gpio.o
GPIO_PinAFConfig                                  ./cmsis_lib/source/stm32f4xx_gpio.o
GPIO_PinLockConfig                                ./cmsis_lib/source/stm32f4xx_gpio.o
GPIO_ReadInputData                                ./cmsis_lib/source/stm32f4xx_gpio.o
GPIO_ReadInputDataBit                             ./cmsis_lib/source/stm32f4xx_gpio.o
GPIO_ReadOutputData                               ./cmsis_lib/source/stm32f4xx_gpio.o
GPIO_ReadOutputDataBit                            ./cmsis_lib/source/stm32f4xx_gpio.o
GPIO_ResetBits                                    ./cmsis_lib/source/stm32f4xx_gpio.o
GPIO_SetBits                                      ./cmsis_lib/source/stm32f4xx_gpio.o
GPIO_StructInit                                   ./cmsis_lib/source/stm32f4xx_gpio.o
GPIO_ToggleBits                                   ./cmsis_lib/source/stm32f4xx_gpio.o
GPIO_Write                                        ./cmsis_lib/source/stm32f4xx_gpio.o
GPIO_WriteBit                                     ./cmsis_lib/source/stm32f4xx_gpio.o
GetByteUart1                                      ./Polytech-library/src/Uart.o
GetTimer1Count                                    ./Polytech-library/src/Timer.o
GetUpdateEvent                                    ./Polytech-library/src/Timer.o
                                                  ./Polytech-library/src/code_eleve.o
HardFault_Handler                                 ./src/stm32f4xx_it.o
                                                  ./src/startup_stm32f446xx.o
I2C1_ER_IRQHandler                                ./src/startup_stm32f446xx.o
I2C1_EV_IRQHandler                                ./src/startup_stm32f446xx.o
I2C2_ER_IRQHandler                                ./src/startup_stm32f446xx.o
I2C2_EV_IRQHandler                                ./src/startup_stm32f446xx.o
I2C3_ER_IRQHandler                                ./src/startup_stm32f446xx.o
I2C3_EV_IRQHandler                                ./src/startup_stm32f446xx.o
I2C_ARPCmd                                        ./cmsis_lib/source/stm32f4xx_i2c.o
I2C_AcknowledgeConfig                             ./cmsis_lib/source/stm32f4xx_i2c.o
I2C_CalculatePEC                                  ./cmsis_lib/source/stm32f4xx_i2c.o
I2C_CheckEvent                                    ./cmsis_lib/source/stm32f4xx_i2c.o
I2C_ClearFlag                                     ./cmsis_lib/source/stm32f4xx_i2c.o
I2C_ClearITPendingBit                             ./cmsis_lib/source/stm32f4xx_i2c.o
I2C_Cmd                                           ./cmsis_lib/source/stm32f4xx_i2c.o
I2C_DMACmd                                        ./cmsis_lib/source/stm32f4xx_i2c.o
I2C_DMALastTransferCmd                            ./cmsis_lib/source/stm32f4xx_i2c.o
I2C_DeInit                                        ./cmsis_lib/source/stm32f4xx_i2c.o
I2C_DualAddressCmd                                ./cmsis_lib/source/stm32f4xx_i2c.o
I2C_FastModeDutyCycleConfig                       ./cmsis_lib/source/stm32f4xx_i2c.o
I2C_GeneralCallCmd                                ./cmsis_lib/source/stm32f4xx_i2c.o
I2C_GenerateSTART                                 ./cmsis_lib/source/stm32f4xx_i2c.o
I2C_GenerateSTOP                                  ./cmsis_lib/source/stm32f4xx_i2c.o
I2C_GetFlagStatus                                 ./cmsis_lib/source/stm32f4xx_i2c.o
I2C_GetITStatus                                   ./cmsis_lib/source/stm32f4xx_i2c.o
I2C_GetLastEvent                                  ./cmsis_lib/source/stm32f4xx_i2c.o
I2C_GetPEC                                        ./cmsis_lib/source/stm32f4xx_i2c.o
I2C_ITConfig                                      ./cmsis_lib/source/stm32f4xx_i2c.o
I2C_Init                                          ./cmsis_lib/source/stm32f4xx_i2c.o
I2C_NACKPositionConfig                            ./cmsis_lib/source/stm32f4xx_i2c.o
I2C_OwnAddress2Config                             ./cmsis_lib/source/stm32f4xx_i2c.o
I2C_PECPositionConfig                             ./cmsis_lib/source/stm32f4xx_i2c.o
I2C_ReadRegister                                  ./cmsis_lib/source/stm32f4xx_i2c.o
I2C_ReceiveData                                   ./cmsis_lib/source/stm32f4xx_i2c.o
I2C_SMBusAlertConfig                              ./cmsis_lib/source/stm32f4xx_i2c.o
I2C_Send7bitAddress                               ./cmsis_lib/source/stm32f4xx_i2c.o
I2C_SendData                                      ./cmsis_lib/source/stm32f4xx_i2c.o
I2C_SoftwareResetCmd                              ./cmsis_lib/source/stm32f4xx_i2c.o
I2C_StretchClockCmd                               ./cmsis_lib/source/stm32f4xx_i2c.o
I2C_StructInit                                    ./cmsis_lib/source/stm32f4xx_i2c.o
I2C_TransmitPEC                                   ./cmsis_lib/source/stm32f4xx_i2c.o
I2S_Cmd                                           ./cmsis_lib/source/stm32f4xx_spi.o
I2S_FullDuplexConfig                              ./cmsis_lib/source/stm32f4xx_spi.o
I2S_Init                                          ./cmsis_lib/source/stm32f4xx_spi.o
I2S_StructInit                                    ./cmsis_lib/source/stm32f4xx_spi.o
INSTAMP                                           ./Polytech-library/src/code_eleve.o
InitAdc                                           ./Polytech-library/src/Adc.o
                                                  ./src/main.o
InitPeripheral                                    ./Polytech-library/src/Port_conf.o
                                                  ./src/main.o
InitTimer_1                                       ./Polytech-library/src/Timer.o
                                                  ./src/main.o
InitUart1                                         ./Polytech-library/src/Uart.o
InitUart2                                         ./Polytech-library/src/Uart.o
MemManage_Handler                                 ./src/stm32f4xx_it.o
                                                  ./src/startup_stm32f446xx.o
NMI_Handler                                       ./src/stm32f4xx_it.o
                                                  ./src/startup_stm32f446xx.o
NVIC_Init                                         ./cmsis_lib/source/misc.o
NVIC_PriorityGroupConfig                          ./cmsis_lib/source/misc.o
NVIC_SetVectorTable                               ./cmsis_lib/source/misc.o
NVIC_SystemLPConfig                               ./cmsis_lib/source/misc.o
OTG_FS_IRQHandler                                 ./src/startup_stm32f446xx.o
OTG_FS_WKUP_IRQHandler                            ./src/startup_stm32f446xx.o
OTG_HS_EP1_IN_IRQHandler                          ./src/startup_stm32f446xx.o
OTG_HS_EP1_OUT_IRQHandler                         ./src/startup_stm32f446xx.o
OTG_HS_IRQHandler                                 ./src/startup_stm32f446xx.o
OTG_HS_WKUP_IRQHandler                            ./src/startup_stm32f446xx.o
PVD_IRQHandler                                    ./src/startup_stm32f446xx.o
PWR_BackupAccessCmd                               ./cmsis_lib/source/stm32f4xx_pwr.o
PWR_BackupRegulatorCmd                            ./cmsis_lib/source/stm32f4xx_pwr.o
PWR_ClearFlag                                     ./cmsis_lib/source/stm32f4xx_pwr.o
PWR_DeInit                                        ./cmsis_lib/source/stm32f4xx_pwr.o
PWR_EnterSTANDBYMode                              ./cmsis_lib/source/stm32f4xx_pwr.o
PWR_EnterSTOPMode                                 ./cmsis_lib/source/stm32f4xx_pwr.o
PWR_FlashPowerDownCmd                             ./cmsis_lib/source/stm32f4xx_pwr.o
PWR_GetFlagStatus                                 ./cmsis_lib/source/stm32f4xx_pwr.o
PWR_MainRegulatorModeConfig                       ./cmsis_lib/source/stm32f4xx_pwr.o
PWR_PVDCmd                                        ./cmsis_lib/source/stm32f4xx_pwr.o
PWR_PVDLevelConfig                                ./cmsis_lib/source/stm32f4xx_pwr.o
PWR_WakeUpPinCmd                                  ./cmsis_lib/source/stm32f4xx_pwr.o
PendSV_Handler                                    ./src/stm32f4xx_it.o
                                                  ./src/startup_stm32f446xx.o
QuadSPI_IRQHandler                                ./src/startup_stm32f446xx.o
RAZTAMP                                           ./Polytech-library/src/code_eleve.o
                                                  ./src/main.o
RCC_AHB1PeriphClockCmd                            ./cmsis_lib/source/stm32f4xx_rcc.o
RCC_AHB1PeriphClockLPModeCmd                      ./cmsis_lib/source/stm32f4xx_rcc.o
RCC_AHB1PeriphResetCmd                            ./cmsis_lib/source/stm32f4xx_rcc.o
                                                  ./cmsis_lib/source/stm32f4xx_gpio.o
RCC_AHB2PeriphClockCmd                            ./cmsis_lib/source/stm32f4xx_rcc.o
RCC_AHB2PeriphClockLPModeCmd                      ./cmsis_lib/source/stm32f4xx_rcc.o
RCC_AHB2PeriphResetCmd                            ./cmsis_lib/source/stm32f4xx_rcc.o
RCC_AHB3PeriphClockCmd                            ./cmsis_lib/source/stm32f4xx_rcc.o
RCC_AHB3PeriphClockLPModeCmd                      ./cmsis_lib/source/stm32f4xx_rcc.o
RCC_AHB3PeriphResetCmd                            ./cmsis_lib/source/stm32f4xx_rcc.o
RCC_APB1PeriphClockCmd                            ./cmsis_lib/source/stm32f4xx_rcc.o
RCC_APB1PeriphClockLPModeCmd                      ./cmsis_lib/source/stm32f4xx_rcc.o
RCC_APB1PeriphResetCmd                            ./cmsis_lib/source/stm32f4xx_rcc.o
                                                  ./cmsis_lib/source/stm32f4xx_tim.o
                                                  ./cmsis_lib/source/stm32f4xx_spi.o
                                                  ./cmsis_lib/source/stm32f4xx_pwr.o
                                                  ./cmsis_lib/source/stm32f4xx_i2c.o
RCC_APB2PeriphClockCmd                            ./cmsis_lib/source/stm32f4xx_rcc.o
RCC_APB2PeriphClockLPModeCmd                      ./cmsis_lib/source/stm32f4xx_rcc.o
RCC_APB2PeriphResetCmd                            ./cmsis_lib/source/stm32f4xx_rcc.o
                                                  ./cmsis_lib/source/stm32f4xx_tim.o
                                                  ./cmsis_lib/source/stm32f4xx_syscfg.o
                                                  ./cmsis_lib/source/stm32f4xx_spi.o
                                                  ./cmsis_lib/source/stm32f4xx_adc.o
RCC_AdjustHSICalibrationValue                     ./cmsis_lib/source/stm32f4xx_rcc.o
RCC_BackupResetCmd                                ./cmsis_lib/source/stm32f4xx_rcc.o
RCC_ClearFlag                                     ./cmsis_lib/source/stm32f4xx_rcc.o
RCC_ClearITPendingBit                             ./cmsis_lib/source/stm32f4xx_rcc.o
RCC_ClockSecuritySystemCmd                        ./cmsis_lib/source/stm32f4xx_rcc.o
RCC_DeInit                                        ./cmsis_lib/source/stm32f4xx_rcc.o
RCC_GetClocksFreq                                 ./cmsis_lib/source/stm32f4xx_rcc.o
                                                  ./cmsis_lib/source/stm32f4xx_i2c.o
RCC_GetFlagStatus                                 ./cmsis_lib/source/stm32f4xx_rcc.o
RCC_GetITStatus                                   ./cmsis_lib/source/stm32f4xx_rcc.o
RCC_GetSYSCLKSource                               ./cmsis_lib/source/stm32f4xx_rcc.o
RCC_HCLKConfig                                    ./cmsis_lib/source/stm32f4xx_rcc.o
RCC_HSEConfig                                     ./cmsis_lib/source/stm32f4xx_rcc.o
RCC_HSICmd                                        ./cmsis_lib/source/stm32f4xx_rcc.o
RCC_I2SCLKConfig                                  ./cmsis_lib/source/stm32f4xx_rcc.o
RCC_IRQHandler                                    ./src/startup_stm32f446xx.o
RCC_ITConfig                                      ./cmsis_lib/source/stm32f4xx_rcc.o
RCC_LSEConfig                                     ./cmsis_lib/source/stm32f4xx_rcc.o
RCC_LSICmd                                        ./cmsis_lib/source/stm32f4xx_rcc.o
RCC_MCO1Config                                    ./cmsis_lib/source/stm32f4xx_rcc.o
RCC_MCO2Config                                    ./cmsis_lib/source/stm32f4xx_rcc.o
RCC_PCLK1Config                                   ./cmsis_lib/source/stm32f4xx_rcc.o
RCC_PCLK2Config                                   ./cmsis_lib/source/stm32f4xx_rcc.o
RCC_PLLCmd                                        ./cmsis_lib/source/stm32f4xx_rcc.o
RCC_PLLConfig                                     ./cmsis_lib/source/stm32f4xx_rcc.o
RCC_PLLI2SCmd                                     ./cmsis_lib/source/stm32f4xx_rcc.o
RCC_PLLI2SConfig                                  ./cmsis_lib/source/stm32f4xx_rcc.o
RCC_RTCCLKCmd                                     ./cmsis_lib/source/stm32f4xx_rcc.o
RCC_RTCCLKConfig                                  ./cmsis_lib/source/stm32f4xx_rcc.o
RCC_SYSCLKConfig                                  ./cmsis_lib/source/stm32f4xx_rcc.o
RCC_WaitForHSEStartUp                             ./cmsis_lib/source/stm32f4xx_rcc.o
RTC_Alarm_IRQHandler                              ./src/startup_stm32f446xx.o
RTC_WKUP_IRQHandler                               ./src/startup_stm32f446xx.o
ResetUpdateEvent                                  ./Polytech-library/src/Timer.o
                                                  ./Polytech-library/src/code_eleve.o
Reset_Handler                                     ./src/startup_stm32f446xx.o
RestitutionAnalogue                               ./Polytech-library/src/code_eleve.o
SAI1_IRQHandler                                   ./src/startup_stm32f446xx.o
SAI2_IRQHandler                                   ./src/startup_stm32f446xx.o
SDIO_IRQHandler                                   ./src/startup_stm32f446xx.o
SPDIF_RX_IRQHandler                               ./src/startup_stm32f446xx.o
SPI1_IRQHandler                                   ./src/startup_stm32f446xx.o
SPI2_IRQHandler                                   ./src/startup_stm32f446xx.o
SPI3_IRQHandler                                   ./src/startup_stm32f446xx.o
SPI4_IRQHandler                                   ./src/startup_stm32f446xx.o
SPI_BiDirectionalLineConfig                       ./cmsis_lib/source/stm32f4xx_spi.o
SPI_CalculateCRC                                  ./cmsis_lib/source/stm32f4xx_spi.o
SPI_Cmd                                           ./cmsis_lib/source/stm32f4xx_spi.o
SPI_DataSizeConfig                                ./cmsis_lib/source/stm32f4xx_spi.o
SPI_GetCRC                                        ./cmsis_lib/source/stm32f4xx_spi.o
SPI_GetCRCPolynomial                              ./cmsis_lib/source/stm32f4xx_spi.o
SPI_I2S_ClearFlag                                 ./cmsis_lib/source/stm32f4xx_spi.o
SPI_I2S_ClearITPendingBit                         ./cmsis_lib/source/stm32f4xx_spi.o
SPI_I2S_DMACmd                                    ./cmsis_lib/source/stm32f4xx_spi.o
SPI_I2S_DeInit                                    ./cmsis_lib/source/stm32f4xx_spi.o
SPI_I2S_GetFlagStatus                             ./cmsis_lib/source/stm32f4xx_spi.o
SPI_I2S_GetITStatus                               ./cmsis_lib/source/stm32f4xx_spi.o
SPI_I2S_ITConfig                                  ./cmsis_lib/source/stm32f4xx_spi.o
SPI_I2S_ReceiveData                               ./cmsis_lib/source/stm32f4xx_spi.o
SPI_I2S_SendData                                  ./cmsis_lib/source/stm32f4xx_spi.o
SPI_Init                                          ./cmsis_lib/source/stm32f4xx_spi.o
SPI_NSSInternalSoftwareConfig                     ./cmsis_lib/source/stm32f4xx_spi.o
SPI_SSOutputCmd                                   ./cmsis_lib/source/stm32f4xx_spi.o
SPI_StructInit                                    ./cmsis_lib/source/stm32f4xx_spi.o
SPI_TIModeCmd                                     ./cmsis_lib/source/stm32f4xx_spi.o
SPI_TransmitCRC                                   ./cmsis_lib/source/stm32f4xx_spi.o
SVC_Handler                                       ./src/stm32f4xx_it.o
                                                  ./src/startup_stm32f446xx.o
SYSCFG_CompensationCellCmd                        ./cmsis_lib/source/stm32f4xx_syscfg.o
SYSCFG_DeInit                                     ./cmsis_lib/source/stm32f4xx_syscfg.o
SYSCFG_ETH_MediaInterfaceConfig                   ./cmsis_lib/source/stm32f4xx_syscfg.o
SYSCFG_EXTILineConfig                             ./cmsis_lib/source/stm32f4xx_syscfg.o
SYSCFG_GetCompensationCellStatus                  ./cmsis_lib/source/stm32f4xx_syscfg.o
SYSCFG_MemoryRemapConfig                          ./cmsis_lib/source/stm32f4xx_syscfg.o
SendByte_Uart1                                    ./Polytech-library/src/Uart.o
SendByte_Uart2                                    ./Polytech-library/src/Uart.o
SetClocks                                         ./Polytech-library/src/Clocks.o
                                                  ./src/main.o
SignalTriangle                                    ./Polytech-library/src/code_eleve.o
Spi1Write                                         ./Polytech-library/src/Spi.o
                                                  ./Polytech-library/src/code_eleve.o
Spi1_Init                                         ./Polytech-library/src/Spi.o
                                                  ./src/main.o
StartTimer_1                                      ./Polytech-library/src/Timer.o
                                                  ./Polytech-library/src/code_eleve.o
StopTimer_1                                       ./Polytech-library/src/Timer.o
                                                  ./Polytech-library/src/code_eleve.o
SysTick_CLKSourceConfig                           ./cmsis_lib/source/misc.o
SysTick_Handler                                   ./src/stm32f4xx_it.o
                                                  ./src/startup_stm32f446xx.o
SystemCoreClock                                   ./src/system_stm32f4xx.o
SystemCoreClockUpdate                             ./src/system_stm32f4xx.o
SystemInit                                        ./src/system_stm32f4xx.o
                                                  ./src/startup_stm32f446xx.o
                                                  ./src/main.o
TAMP_STAMP_IRQHandler                             ./src/startup_stm32f446xx.o
TIM1_BRK_TIM9_IRQHandler                          ./src/startup_stm32f446xx.o
TIM1_CC_IRQHandler                                ./src/startup_stm32f446xx.o
TIM1_TRG_COM_TIM11_IRQHandler                     ./src/startup_stm32f446xx.o
TIM1_UP_TIM10_IRQHandler                          ./src/startup_stm32f446xx.o
TIM2_IRQHandler                                   ./src/startup_stm32f446xx.o
TIM3_IRQHandler                                   ./src/startup_stm32f446xx.o
TIM4_IRQHandler                                   ./src/startup_stm32f446xx.o
TIM5_IRQHandler                                   ./src/startup_stm32f446xx.o
TIM6_DAC_IRQHandler                               ./src/startup_stm32f446xx.o
TIM7_IRQHandler                                   ./src/startup_stm32f446xx.o
TIM8_BRK_TIM12_IRQHandler                         ./src/startup_stm32f446xx.o
TIM8_CC_IRQHandler                                ./src/startup_stm32f446xx.o
TIM8_TRG_COM_TIM14_IRQHandler                     ./src/startup_stm32f446xx.o
TIM8_UP_TIM13_IRQHandler                          ./src/startup_stm32f446xx.o
TIM_ARRPreloadConfig                              ./cmsis_lib/source/stm32f4xx_tim.o
TIM_BDTRConfig                                    ./cmsis_lib/source/stm32f4xx_tim.o
TIM_BDTRStructInit                                ./cmsis_lib/source/stm32f4xx_tim.o
TIM_CCPreloadControl                              ./cmsis_lib/source/stm32f4xx_tim.o
TIM_CCxCmd                                        ./cmsis_lib/source/stm32f4xx_tim.o
TIM_CCxNCmd                                       ./cmsis_lib/source/stm32f4xx_tim.o
TIM_ClearFlag                                     ./cmsis_lib/source/stm32f4xx_tim.o
TIM_ClearITPendingBit                             ./cmsis_lib/source/stm32f4xx_tim.o
TIM_ClearOC1Ref                                   ./cmsis_lib/source/stm32f4xx_tim.o
TIM_ClearOC2Ref                                   ./cmsis_lib/source/stm32f4xx_tim.o
TIM_ClearOC3Ref                                   ./cmsis_lib/source/stm32f4xx_tim.o
TIM_ClearOC4Ref                                   ./cmsis_lib/source/stm32f4xx_tim.o
TIM_Cmd                                           ./cmsis_lib/source/stm32f4xx_tim.o
TIM_CounterModeConfig                             ./cmsis_lib/source/stm32f4xx_tim.o
TIM_CtrlPWMOutputs                                ./cmsis_lib/source/stm32f4xx_tim.o
TIM_DMACmd                                        ./cmsis_lib/source/stm32f4xx_tim.o
TIM_DMAConfig                                     ./cmsis_lib/source/stm32f4xx_tim.o
TIM_DeInit                                        ./cmsis_lib/source/stm32f4xx_tim.o
TIM_ETRClockMode1Config                           ./cmsis_lib/source/stm32f4xx_tim.o
TIM_ETRClockMode2Config                           ./cmsis_lib/source/stm32f4xx_tim.o
TIM_ETRConfig                                     ./cmsis_lib/source/stm32f4xx_tim.o
TIM_EncoderInterfaceConfig                        ./cmsis_lib/source/stm32f4xx_tim.o
TIM_ForcedOC1Config                               ./cmsis_lib/source/stm32f4xx_tim.o
TIM_ForcedOC2Config                               ./cmsis_lib/source/stm32f4xx_tim.o
TIM_ForcedOC3Config                               ./cmsis_lib/source/stm32f4xx_tim.o
TIM_ForcedOC4Config                               ./cmsis_lib/source/stm32f4xx_tim.o
TIM_GenerateEvent                                 ./cmsis_lib/source/stm32f4xx_tim.o
TIM_GetCapture1                                   ./cmsis_lib/source/stm32f4xx_tim.o
TIM_GetCapture2                                   ./cmsis_lib/source/stm32f4xx_tim.o
TIM_GetCapture3                                   ./cmsis_lib/source/stm32f4xx_tim.o
TIM_GetCapture4                                   ./cmsis_lib/source/stm32f4xx_tim.o
TIM_GetCounter                                    ./cmsis_lib/source/stm32f4xx_tim.o
TIM_GetFlagStatus                                 ./cmsis_lib/source/stm32f4xx_tim.o
TIM_GetITStatus                                   ./cmsis_lib/source/stm32f4xx_tim.o
TIM_GetPrescaler                                  ./cmsis_lib/source/stm32f4xx_tim.o
TIM_ICInit                                        ./cmsis_lib/source/stm32f4xx_tim.o
TIM_ICStructInit                                  ./cmsis_lib/source/stm32f4xx_tim.o
TIM_ITConfig                                      ./cmsis_lib/source/stm32f4xx_tim.o
TIM_ITRxExternalClockConfig                       ./cmsis_lib/source/stm32f4xx_tim.o
TIM_InternalClockConfig                           ./cmsis_lib/source/stm32f4xx_tim.o
TIM_OC1FastConfig                                 ./cmsis_lib/source/stm32f4xx_tim.o
TIM_OC1Init                                       ./cmsis_lib/source/stm32f4xx_tim.o
TIM_OC1NPolarityConfig                            ./cmsis_lib/source/stm32f4xx_tim.o
TIM_OC1PolarityConfig                             ./cmsis_lib/source/stm32f4xx_tim.o
TIM_OC1PreloadConfig                              ./cmsis_lib/source/stm32f4xx_tim.o
TIM_OC2FastConfig                                 ./cmsis_lib/source/stm32f4xx_tim.o
TIM_OC2Init                                       ./cmsis_lib/source/stm32f4xx_tim.o
TIM_OC2NPolarityConfig                            ./cmsis_lib/source/stm32f4xx_tim.o
TIM_OC2PolarityConfig                             ./cmsis_lib/source/stm32f4xx_tim.o
TIM_OC2PreloadConfig                              ./cmsis_lib/source/stm32f4xx_tim.o
TIM_OC3FastConfig                                 ./cmsis_lib/source/stm32f4xx_tim.o
TIM_OC3Init                                       ./cmsis_lib/source/stm32f4xx_tim.o
TIM_OC3NPolarityConfig                            ./cmsis_lib/source/stm32f4xx_tim.o
TIM_OC3PolarityConfig                             ./cmsis_lib/source/stm32f4xx_tim.o
TIM_OC3PreloadConfig                              ./cmsis_lib/source/stm32f4xx_tim.o
TIM_OC4FastConfig                                 ./cmsis_lib/source/stm32f4xx_tim.o
TIM_OC4Init                                       ./cmsis_lib/source/stm32f4xx_tim.o
TIM_OC4PolarityConfig                             ./cmsis_lib/source/stm32f4xx_tim.o
TIM_OC4PreloadConfig                              ./cmsis_lib/source/stm32f4xx_tim.o
TIM_OCStructInit                                  ./cmsis_lib/source/stm32f4xx_tim.o
TIM_PWMIConfig                                    ./cmsis_lib/source/stm32f4xx_tim.o
TIM_PrescalerConfig                               ./cmsis_lib/source/stm32f4xx_tim.o
TIM_RemapConfig                                   ./cmsis_lib/source/stm32f4xx_tim.o
TIM_SelectCCDMA                                   ./cmsis_lib/source/stm32f4xx_tim.o
TIM_SelectCOM                                     ./cmsis_lib/source/stm32f4xx_tim.o
TIM_SelectHallSensor                              ./cmsis_lib/source/stm32f4xx_tim.o
TIM_SelectInputTrigger                            ./cmsis_lib/source/stm32f4xx_tim.o
TIM_SelectMasterSlaveMode                         ./cmsis_lib/source/stm32f4xx_tim.o
TIM_SelectOCxM                                    ./cmsis_lib/source/stm32f4xx_tim.o
TIM_SelectOnePulseMode                            ./cmsis_lib/source/stm32f4xx_tim.o
TIM_SelectOutputTrigger                           ./cmsis_lib/source/stm32f4xx_tim.o
TIM_SelectSlaveMode                               ./cmsis_lib/source/stm32f4xx_tim.o
TIM_SetAutoreload                                 ./cmsis_lib/source/stm32f4xx_tim.o
TIM_SetClockDivision                              ./cmsis_lib/source/stm32f4xx_tim.o
TIM_SetCompare1                                   ./cmsis_lib/source/stm32f4xx_tim.o
TIM_SetCompare2                                   ./cmsis_lib/source/stm32f4xx_tim.o
TIM_SetCompare3                                   ./cmsis_lib/source/stm32f4xx_tim.o
TIM_SetCompare4                                   ./cmsis_lib/source/stm32f4xx_tim.o
TIM_SetCounter                                    ./cmsis_lib/source/stm32f4xx_tim.o
TIM_SetIC1Prescaler                               ./cmsis_lib/source/stm32f4xx_tim.o
TIM_SetIC2Prescaler                               ./cmsis_lib/source/stm32f4xx_tim.o
TIM_SetIC3Prescaler                               ./cmsis_lib/source/stm32f4xx_tim.o
TIM_SetIC4Prescaler                               ./cmsis_lib/source/stm32f4xx_tim.o
TIM_TIxExternalClockConfig                        ./cmsis_lib/source/stm32f4xx_tim.o
TIM_TimeBaseInit                                  ./cmsis_lib/source/stm32f4xx_tim.o
TIM_TimeBaseStructInit                            ./cmsis_lib/source/stm32f4xx_tim.o
TIM_UpdateDisableConfig                           ./cmsis_lib/source/stm32f4xx_tim.o
TIM_UpdateRequestConfig                           ./cmsis_lib/source/stm32f4xx_tim.o
Timer_t1ms                                        ./Polytech-library/src/code_eleve.o
                                                  ./src/main.o
UART4_IRQHandler                                  ./src/startup_stm32f446xx.o
UART5_IRQHandler                                  ./src/startup_stm32f446xx.o
USART1_IRQHandler                                 ./src/startup_stm32f446xx.o
USART2_IRQHandler                                 ./src/startup_stm32f446xx.o
USART3_IRQHandler                                 ./src/startup_stm32f446xx.o
USART6_IRQHandler                                 ./src/startup_stm32f446xx.o
UsageFault_Handler                                ./src/stm32f4xx_it.o
                                                  ./src/startup_stm32f446xx.o
WWDG_IRQHandler                                   ./src/startup_stm32f446xx.o
WriteToDAC                                        ./Polytech-library/src/code_eleve.o
_ITM_deregisterTMCloneTable                       /usr/lib/gcc/arm-none-eabi/6.3.1/thumb/v7e-m/fpv4-sp/hard/crtbegin.o
_ITM_registerTMCloneTable                         /usr/lib/gcc/arm-none-eabi/6.3.1/thumb/v7e-m/fpv4-sp/hard/crtbegin.o
_Jv_RegisterClasses                               /usr/lib/gcc/arm-none-eabi/6.3.1/thumb/v7e-m/fpv4-sp/hard/crtbegin.o
__TMC_END__                                       /usr/lib/gcc/arm-none-eabi/6.3.1/thumb/v7e-m/fpv4-sp/hard/crtend.o
                                                  /usr/lib/gcc/arm-none-eabi/6.3.1/thumb/v7e-m/fpv4-sp/hard/crtbegin.o
__atexit_dummy                                    /usr/lib/gcc/arm-none-eabi/6.3.1/../../../arm-none-eabi/lib/thumb/v7e-m/fpv4-sp/hard/libc_nano.a(lib_a-__atexit.o)
__bss_end__                                       /usr/lib/gcc/arm-none-eabi/6.3.1/../../../arm-none-eabi/lib/thumb/v7e-m/fpv4-sp/hard/crt0.o
__bss_start__                                     /usr/lib/gcc/arm-none-eabi/6.3.1/../../../arm-none-eabi/lib/thumb/v7e-m/fpv4-sp/hard/crt0.o
__call_exitprocs                                  /usr/lib/gcc/arm-none-eabi/6.3.1/../../../arm-none-eabi/lib/thumb/v7e-m/fpv4-sp/hard/libc_nano.a(lib_a-__call_atexit.o)
                                                  /usr/lib/gcc/arm-none-eabi/6.3.1/../../../arm-none-eabi/lib/thumb/v7e-m/fpv4-sp/hard/libc_nano.a(lib_a-__atexit.o)
                                                  /usr/lib/gcc/arm-none-eabi/6.3.1/../../../arm-none-eabi/lib/thumb/v7e-m/fpv4-sp/hard/libc_nano.a(lib_a-exit.o)
__deregister_frame_info                           /usr/lib/gcc/arm-none-eabi/6.3.1/thumb/v7e-m/fpv4-sp/hard/crtbegin.o
__dso_handle                                      /usr/lib/gcc/arm-none-eabi/6.3.1/thumb/v7e-m/fpv4-sp/hard/crtbegin.o
__fini_array_end                                  /usr/lib/gcc/arm-none-eabi/6.3.1/../../../arm-none-eabi/lib/thumb/v7e-m/fpv4-sp/hard/libc_nano.a(lib_a-fini.o)
__fini_array_start                                /usr/lib/gcc/arm-none-eabi/6.3.1/../../../arm-none-eabi/lib/thumb/v7e-m/fpv4-sp/hard/libc_nano.a(lib_a-fini.o)
__init_array_end                                  /usr/lib/gcc/arm-none-eabi/6.3.1/../../../arm-none-eabi/lib/thumb/v7e-m/fpv4-sp/hard/libc_nano.a(lib_a-init.o)
__init_array_start                                /usr/lib/gcc/arm-none-eabi/6.3.1/../../../arm-none-eabi/lib/thumb/v7e-m/fpv4-sp/hard/libc_nano.a(lib_a-init.o)
__libc_fini_array                                 /usr/lib/gcc/arm-none-eabi/6.3.1/../../../arm-none-eabi/lib/thumb/v7e-m/fpv4-sp/hard/libc_nano.a(lib_a-fini.o)
                                                  /usr/lib/gcc/arm-none-eabi/6.3.1/../../../arm-none-eabi/lib/thumb/v7e-m/fpv4-sp/hard/crt0.o
__libc_init_array                                 /usr/lib/gcc/arm-none-eabi/6.3.1/../../../arm-none-eabi/lib/thumb/v7e-m/fpv4-sp/hard/libc_nano.a(lib_a-init.o)
                                                  ./src/startup_stm32f446xx.o
                                                  /usr/lib/gcc/arm-none-eabi/6.3.1/../../../arm-none-eabi/lib/thumb/v7e-m/fpv4-sp/hard/crt0.o
__on_exit_args                                    /usr/lib/gcc/arm-none-eabi/6.3.1/../../../arm-none-eabi/lib/thumb/v7e-m/fpv4-sp/hard/libc_nano.a(lib_a-__atexit.o)
__preinit_array_end                               /usr/lib/gcc/arm-none-eabi/6.3.1/../../../arm-none-eabi/lib/thumb/v7e-m/fpv4-sp/hard/libc_nano.a(lib_a-init.o)
__preinit_array_start                             /usr/lib/gcc/arm-none-eabi/6.3.1/../../../arm-none-eabi/lib/thumb/v7e-m/fpv4-sp/hard/libc_nano.a(lib_a-init.o)
__register_exitproc                               /usr/lib/gcc/arm-none-eabi/6.3.1/../../../arm-none-eabi/lib/thumb/v7e-m/fpv4-sp/hard/libc_nano.a(lib_a-__atexit.o)
                                                  /usr/lib/gcc/arm-none-eabi/6.3.1/../../../arm-none-eabi/lib/thumb/v7e-m/fpv4-sp/hard/libc_nano.a(lib_a-atexit.o)
__register_frame_info                             /usr/lib/gcc/arm-none-eabi/6.3.1/thumb/v7e-m/fpv4-sp/hard/crtbegin.o
__sf_fake_stderr                                  /usr/lib/gcc/arm-none-eabi/6.3.1/../../../arm-none-eabi/lib/thumb/v7e-m/fpv4-sp/hard/libc_nano.a(lib_a-impure.o)
__sf_fake_stdin                                   /usr/lib/gcc/arm-none-eabi/6.3.1/../../../arm-none-eabi/lib/thumb/v7e-m/fpv4-sp/hard/libc_nano.a(lib_a-impure.o)
__sf_fake_stdout                                  /usr/lib/gcc/arm-none-eabi/6.3.1/../../../arm-none-eabi/lib/thumb/v7e-m/fpv4-sp/hard/libc_nano.a(lib_a-impure.o)
__stack                                           /usr/lib/gcc/arm-none-eabi/6.3.1/../../../arm-none-eabi/lib/thumb/v7e-m/fpv4-sp/hard/crt0.o
_ebss                                             ./src/startup_stm32f446xx.o
_edata                                            ./src/startup_stm32f446xx.o
_estack                                           ./src/startup_stm32f446xx.o
_exit                                             /usr/lib/gcc/arm-none-eabi/6.3.1/../../../arm-none-eabi/lib/thumb/v7e-m/fpv4-sp/hard/libnosys.a(_exit.o)
                                                  /usr/lib/gcc/arm-none-eabi/6.3.1/../../../arm-none-eabi/lib/thumb/v7e-m/fpv4-sp/hard/libc_nano.a(lib_a-exit.o)
_fini                                             /usr/lib/gcc/arm-none-eabi/6.3.1/thumb/v7e-m/fpv4-sp/hard/crti.o
                                                  /usr/lib/gcc/arm-none-eabi/6.3.1/../../../arm-none-eabi/lib/thumb/v7e-m/fpv4-sp/hard/libc_nano.a(lib_a-fini.o)
_global_atexit                                    /usr/lib/gcc/arm-none-eabi/6.3.1/../../../arm-none-eabi/lib/thumb/v7e-m/fpv4-sp/hard/libc_nano.a(lib_a-__call_atexit.o)
                                                  /usr/lib/gcc/arm-none-eabi/6.3.1/../../../arm-none-eabi/lib/thumb/v7e-m/fpv4-sp/hard/libc_nano.a(lib_a-__atexit.o)
_global_impure_ptr                                /usr/lib/gcc/arm-none-eabi/6.3.1/../../../arm-none-eabi/lib/thumb/v7e-m/fpv4-sp/hard/libc_nano.a(lib_a-impure.o)
                                                  /usr/lib/gcc/arm-none-eabi/6.3.1/../../../arm-none-eabi/lib/thumb/v7e-m/fpv4-sp/hard/libc_nano.a(lib_a-exit.o)
_impure_ptr                                       /usr/lib/gcc/arm-none-eabi/6.3.1/../../../arm-none-eabi/lib/thumb/v7e-m/fpv4-sp/hard/libc_nano.a(lib_a-impure.o)
_init                                             /usr/lib/gcc/arm-none-eabi/6.3.1/thumb/v7e-m/fpv4-sp/hard/crti.o
                                                  /usr/lib/gcc/arm-none-eabi/6.3.1/../../../arm-none-eabi/lib/thumb/v7e-m/fpv4-sp/hard/libc_nano.a(lib_a-init.o)
_mainCRTStartup                                   /usr/lib/gcc/arm-none-eabi/6.3.1/../../../arm-none-eabi/lib/thumb/v7e-m/fpv4-sp/hard/crt0.o
_sbss                                             ./src/startup_stm32f446xx.o
_sdata                                            ./src/startup_stm32f446xx.o
_sidata                                           ./src/startup_stm32f446xx.o
_start                                            /usr/lib/gcc/arm-none-eabi/6.3.1/../../../arm-none-eabi/lib/thumb/v7e-m/fpv4-sp/hard/crt0.o
_write                                            /usr/lib/gcc/arm-none-eabi/6.3.1/../../../arm-none-eabi/lib/thumb/v7e-m/fpv4-sp/hard/libnosys.a(write.o)
                                                  ./src/tiny_printf.o
adc_value                                         ./src/main.o
atexit                                            /usr/lib/gcc/arm-none-eabi/6.3.1/../../../arm-none-eabi/lib/thumb/v7e-m/fpv4-sp/hard/libc_nano.a(lib_a-atexit.o)
                                                  /usr/lib/gcc/arm-none-eabi/6.3.1/../../../arm-none-eabi/lib/thumb/v7e-m/fpv4-sp/hard/crt0.o
count                                             ./Polytech-library/src/code_eleve.o
errno                                             /usr/lib/gcc/arm-none-eabi/6.3.1/../../../arm-none-eabi/lib/thumb/v7e-m/fpv4-sp/hard/libnosys.a(errno.o)
                                                  /usr/lib/gcc/arm-none-eabi/6.3.1/../../../arm-none-eabi/lib/thumb/v7e-m/fpv4-sp/hard/libnosys.a(write.o)
exit                                              /usr/lib/gcc/arm-none-eabi/6.3.1/../../../arm-none-eabi/lib/thumb/v7e-m/fpv4-sp/hard/libc_nano.a(lib_a-exit.o)
                                                  /usr/lib/gcc/arm-none-eabi/6.3.1/../../../arm-none-eabi/lib/thumb/v7e-m/fpv4-sp/hard/crt0.o
filtre                                            ./Polytech-library/src/code_eleve.o
fiprintf                                          ./src/tiny_printf.o
fprintf                                           ./src/tiny_printf.o
fputs                                             ./src/tiny_printf.o
free                                              /usr/lib/gcc/arm-none-eabi/6.3.1/../../../arm-none-eabi/lib/thumb/v7e-m/fpv4-sp/hard/libc_nano.a(lib_a-__call_atexit.o)
fwrite                                            ./src/tiny_printf.o
g_pfnVectors                                      ./src/startup_stm32f446xx.o
hardware_init_hook                                /usr/lib/gcc/arm-none-eabi/6.3.1/../../../arm-none-eabi/lib/thumb/v7e-m/fpv4-sp/hard/crt0.o
inter_value                                       ./src/main.o
iprintf                                           ./src/tiny_printf.o
main                                              ./src/main.o
                                                  ./src/startup_stm32f446xx.o
                                                  /usr/lib/gcc/arm-none-eabi/6.3.1/../../../arm-none-eabi/lib/thumb/v7e-m/fpv4-sp/hard/crt0.o
malloc                                            /usr/lib/gcc/arm-none-eabi/6.3.1/../../../arm-none-eabi/lib/thumb/v7e-m/fpv4-sp/hard/libc_nano.a(lib_a-__atexit.o)
memset                                            /usr/lib/gcc/arm-none-eabi/6.3.1/../../../arm-none-eabi/lib/thumb/v7e-m/fpv4-sp/hard/libc_nano.a(lib_a-memset.o)
                                                  /usr/lib/gcc/arm-none-eabi/6.3.1/../../../arm-none-eabi/lib/thumb/v7e-m/fpv4-sp/hard/crt0.o
printf                                            ./src/tiny_printf.o
puts                                              ./src/tiny_printf.o
siprintf                                          ./src/tiny_printf.o
software_init_hook                                /usr/lib/gcc/arm-none-eabi/6.3.1/../../../arm-none-eabi/lib/thumb/v7e-m/fpv4-sp/hard/crt0.o
sprintf                                           ./src/tiny_printf.o
strlen                                            /usr/lib/gcc/arm-none-eabi/6.3.1/../../../arm-none-eabi/lib/thumb/v7e-m/fpv4-sp/hard/libc_nano.a(lib_a-strlen.o)
                                                  ./src/tiny_printf.o
ts_formatlength                                   ./src/tiny_printf.o
ts_formatstring                                   ./src/tiny_printf.o
ts_itoa                                           ./src/tiny_printf.o
