Archive member included to satisfy reference by file (symbol)

c:/program files (x86)/atollic/truestudio for arm 8.0.0/armtools/bin/../lib/gcc/arm-atollic-eabi/6.3.1/../../../../arm-atollic-eabi/lib/armv7e-m/fpu\libc_nano.a(lib_a-init.o)
                              src\startup_stm32f446xx.o (__libc_init_array)
c:/program files (x86)/atollic/truestudio for arm 8.0.0/armtools/bin/../lib/gcc/arm-atollic-eabi/6.3.1/../../../../arm-atollic-eabi/lib/armv7e-m/fpu\libc_nano.a(lib_a-strlen.o)
                              src\tiny_printf.o (strlen)
c:/program files (x86)/atollic/truestudio for arm 8.0.0/armtools/bin/../lib/gcc/arm-atollic-eabi/6.3.1/../../../../arm-atollic-eabi/lib/armv7e-m/fpu\libnosys.a(write.o)
                              src\tiny_printf.o (_write)
c:/program files (x86)/atollic/truestudio for arm 8.0.0/armtools/bin/../lib/gcc/arm-atollic-eabi/6.3.1/../../../../arm-atollic-eabi/lib/armv7e-m/fpu\libnosys.a(errno.o)
                              c:/program files (x86)/atollic/truestudio for arm 8.0.0/armtools/bin/../lib/gcc/arm-atollic-eabi/6.3.1/../../../../arm-atollic-eabi/lib/armv7e-m/fpu\libnosys.a(write.o) (errno)

Allocating common symbols
Common symbol       size              file

errno               0x4               c:/program files (x86)/atollic/truestudio for arm 8.0.0/armtools/bin/../lib/gcc/arm-atollic-eabi/6.3.1/../../../../arm-atollic-eabi/lib/armv7e-m/fpu\libnosys.a(errno.o)
inter_value         0x4               src\main.o
adc_value           0x4               src\main.o
blink               0x1               Polytech-library\src\code_eleve.o

Discarded input sections

 .text          0x00000000        0x0 c:/program files (x86)/atollic/truestudio for arm 8.0.0/armtools/bin/../lib/gcc/arm-atollic-eabi/6.3.1/armv7e-m/fpu/crti.o
 .data          0x00000000        0x0 c:/program files (x86)/atollic/truestudio for arm 8.0.0/armtools/bin/../lib/gcc/arm-atollic-eabi/6.3.1/armv7e-m/fpu/crti.o
 .bss           0x00000000        0x0 c:/program files (x86)/atollic/truestudio for arm 8.0.0/armtools/bin/../lib/gcc/arm-atollic-eabi/6.3.1/armv7e-m/fpu/crti.o
 .data          0x00000000        0x4 c:/program files (x86)/atollic/truestudio for arm 8.0.0/armtools/bin/../lib/gcc/arm-atollic-eabi/6.3.1/armv7e-m/fpu/crtbegin.o
 .text          0x00000000        0x0 Polytech-library\src\Adc.o
 .data          0x00000000        0x0 Polytech-library\src\Adc.o
 .bss           0x00000000        0x0 Polytech-library\src\Adc.o
 .text.ADC_1_StartConversion
                0x00000000       0x20 Polytech-library\src\Adc.o
 .text.ADC_1_CheckEndOfConversion
                0x00000000       0x24 Polytech-library\src\Adc.o
 .text.ADC_1_ClearEndOfConversion
                0x00000000       0x20 Polytech-library\src\Adc.o
 .text.ADC_1_GetResult
                0x00000000       0x20 Polytech-library\src\Adc.o
 .text          0x00000000        0x0 Polytech-library\src\Clocks.o
 .data          0x00000000        0x0 Polytech-library\src\Clocks.o
 .bss           0x00000000        0x0 Polytech-library\src\Clocks.o
 .text          0x00000000        0x0 Polytech-library\src\Port_conf.o
 .data          0x00000000        0x0 Polytech-library\src\Port_conf.o
 .bss           0x00000000        0x0 Polytech-library\src\Port_conf.o
 .text          0x00000000        0x0 Polytech-library\src\Spi.o
 .data          0x00000000        0x0 Polytech-library\src\Spi.o
 .bss           0x00000000        0x0 Polytech-library\src\Spi.o
 .text.Spi1_Init
                0x00000000       0x2c Polytech-library\src\Spi.o
 .text.Spi1Write
                0x00000000       0x2c Polytech-library\src\Spi.o
 .debug_info    0x00000000      0x17e Polytech-library\src\Spi.o
 .debug_abbrev  0x00000000       0xd9 Polytech-library\src\Spi.o
 .debug_aranges
                0x00000000       0x28 Polytech-library\src\Spi.o
 .debug_ranges  0x00000000       0x18 Polytech-library\src\Spi.o
 .debug_line    0x00000000      0x1c6 Polytech-library\src\Spi.o
 .debug_str     0x00000000      0x21b Polytech-library\src\Spi.o
 .comment       0x00000000       0x7d Polytech-library\src\Spi.o
 .debug_frame   0x00000000       0x58 Polytech-library\src\Spi.o
 .ARM.attributes
                0x00000000       0x39 Polytech-library\src\Spi.o
 .text          0x00000000        0x0 Polytech-library\src\Timer.o
 .data          0x00000000        0x0 Polytech-library\src\Timer.o
 .bss           0x00000000        0x0 Polytech-library\src\Timer.o
 .text.GetTimer1Count
                0x00000000       0x18 Polytech-library\src\Timer.o
 .text          0x00000000        0x0 Polytech-library\src\Uart.o
 .data          0x00000000        0x0 Polytech-library\src\Uart.o
 .bss           0x00000000        0x0 Polytech-library\src\Uart.o
 .text.InitUart1
                0x00000000       0x40 Polytech-library\src\Uart.o
 .text.InitUart2
                0x00000000       0x3c Polytech-library\src\Uart.o
 .text.SendByte_Uart1
[...]
Memory Configuration

Name             Origin             Length             Attributes
FLASH            0x08000000         0x00080000         xr
RAM              0x20000000         0x00020000         xrw
MEMORY_B1        0x60000000         0x00000000         xr
*default*        0x00000000         0xffffffff

Linker script and memory map

LOAD c:/program files (x86)/atollic/truestudio for arm 8.0.0/armtools/bin/../lib/gcc/arm-atollic-eabi/6.3.1/armv7e-m/fpu/crti.o
LOAD c:/program files (x86)/atollic/truestudio for arm 8.0.0/armtools/bin/../lib/gcc/arm-atollic-eabi/6.3.1/armv7e-m/fpu/crtbegin.o
LOAD Polytech-library\src\Adc.o
LOAD Polytech-library\src\Clocks.o
LOAD Polytech-library\src\Port_conf.o
LOAD Polytech-library\src\Spi.o
LOAD Polytech-library\src\Timer.o
LOAD Polytech-library\src\Uart.o
LOAD Polytech-library\src\code_eleve.o
LOAD cmsis_lib\source\misc.o
LOAD cmsis_lib\source\stm32f4xx_adc.o
LOAD cmsis_lib\source\stm32f4xx_crc.o
LOAD cmsis_lib\source\stm32f4xx_dma.o
LOAD cmsis_lib\source\stm32f4xx_exti.o
LOAD cmsis_lib\source\stm32f4xx_gpio.o
LOAD cmsis_lib\source\stm32f4xx_i2c.o
LOAD cmsis_lib\source\stm32f4xx_pwr.o
LOAD cmsis_lib\source\stm32f4xx_rcc.o
LOAD cmsis_lib\source\stm32f4xx_spi.o
LOAD cmsis_lib\source\stm32f4xx_syscfg.o
LOAD cmsis_lib\source\stm32f4xx_tim.o
LOAD src\main.o
LOAD src\startup_stm32f446xx.o
LOAD src\stm32f4xx_it.o
LOAD src\system_stm32f4xx.o
LOAD src\tiny_printf.o
LOAD c:/program files (x86)/atollic/truestudio for arm 8.0.0/armtools/bin/../lib/gcc/arm-atollic-eabi/6.3.1/../../../../arm-atollic-eabi/lib/armv7e-m/fpu\libc_nano.a
LOAD c:/program files (x86)/atollic/truestudio for arm 8.0.0/armtools/bin/../lib/gcc/arm-atollic-eabi/6.3.1/../../../../arm-atollic-eabi/lib/armv7e-m/fpu\libg_nano.a
LOAD c:/program files (x86)/atollic/truestudio for arm 8.0.0/armtools/bin/../lib/gcc/arm-atollic-eabi/6.3.1/../../../../arm-atollic-eabi/lib/armv7e-m/fpu\libm.a
                0x00000080                malloc_getpagesize_P = 0x80
START GROUP
LOAD c:/program files (x86)/atollic/truestudio for arm 8.0.0/armtools/bin/../lib/gcc/arm-atollic-eabi/6.3.1/../../../../arm-atollic-eabi/lib/armv7e-m/fpu\libc_nano.a
LOAD c:/program files (x86)/atollic/truestudio for arm 8.0.0/armtools/bin/../lib/gcc/arm-atollic-eabi/6.3.1/../../../../arm-atollic-eabi/lib/armv7e-m/fpu\libm.a
END GROUP
START GROUP
LOAD c:/program files (x86)/atollic/truestudio for arm 8.0.0/armtools/bin/../lib/gcc/arm-atollic-eabi/6.3.1/armv7e-m/fpu\libgcc.a
LOAD c:/program files (x86)/atollic/truestudio for arm 8.0.0/armtools/bin/../lib/gcc/arm-atollic-eabi/6.3.1/../../../../arm-atollic-eabi/lib/armv7e-m/fpu\libc_nano.a
END GROUP
START GROUP
LOAD c:/program files (x86)/atollic/truestudio for arm 8.0.0/armtools/bin/../lib/gcc/arm-atollic-eabi/6.3.1/armv7e-m/fpu\libgcc.a
LOAD c:/program files (x86)/atollic/truestudio for arm 8.0.0/armtools/bin/../lib/gcc/arm-atollic-eabi/6.3.1/../../../../arm-atollic-eabi/lib/armv7e-m/fpu\libc_nano.a
LOAD c:/program files (x86)/atollic/truestudio for arm 8.0.0/armtools/bin/../lib/gcc/arm-atollic-eabi/6.3.1/../../../../arm-atollic-eabi/lib/armv7e-m/fpu\libnosys.a
END GROUP
START GROUP
LOAD c:/program files (x86)/atollic/truestudio for arm 8.0.0/armtools/bin/../lib/gcc/arm-atollic-eabi/6.3.1/armv7e-m/fpu\libgcc.a
LOAD c:/program files (x86)/atollic/truestudio for arm 8.0.0/armtools/bin/../lib/gcc/arm-atollic-eabi/6.3.1/../../../../arm-atollic-eabi/lib/armv7e-m/fpu\libc_nano.a
LOAD c:/program files (x86)/atollic/truestudio for arm 8.0.0/armtools/bin/../lib/gcc/arm-atollic-eabi/6.3.1/../../../../arm-atollic-eabi/lib/armv7e-m/fpu\libnosys.a
END GROUP
LOAD c:/program files (x86)/atollic/truestudio for arm 8.0.0/armtools/bin/../lib/gcc/arm-atollic-eabi/6.3.1/armv7e-m/fpu/crtend.o
LOAD c:/program files (x86)/atollic/truestudio for arm 8.0.0/armtools/bin/../lib/gcc/arm-atollic-eabi/6.3.1/armv7e-m/fpu/crtn.o
                0x20020000                _estack = 0x20020000
                0x00000000                _Min_Heap_Size = 0x0
                0x00000400                _Min_Stack_Size = 0x400

.isr_vector     0x08000000      0x1c4
                0x08000000                . = ALIGN (0x4)
 *(.isr_vector)
 .isr_vector    0x08000000      0x1c4 src\startup_stm32f446xx.o
                0x08000000                g_pfnVectors
                0x080001c4                . = ALIGN (0x4)

.text           0x080001c4      0x488
                0x080001c4                . = ALIGN (0x4)
 *(.text)
 .text          0x080001c4       0x40 c:/program files (x86)/atollic/truestudio for arm 8.0.0/armtools/bin/../lib/gcc/arm-atollic-eabi/6.3.1/armv7e-m/fpu/crtbegin.o
 *(.text*)
 .text.InitAdc  0x08000204       0x18 Polytech-library\src\Adc.o
                0x08000204                InitAdc
 .text.Adc_1_Init
                0x0800021c       0x2c Polytech-library\src\Adc.o
 .text.ClockConfiguration
                0x08000248       0x60 Polytech-library\src\Clocks.o
                0x08000248                ClockConfiguration
 .text.SetClocks
                0x080002a8        0xc Polytech-library\src\Clocks.o
                0x080002a8                SetClocks
 .text.EnablePeripheralClocks
                0x080002b4       0x30 Polytech-library\src\Clocks.o
 .text.InitPeripheral
                0x080002e4       0x88 Polytech-library\src\Port_conf.o
                0x080002e4                InitPeripheral
 .text.InitTimer_1
                0x0800036c       0x3c Polytech-library\src\Timer.o
                0x0800036c                InitTimer_1
 .text.StartTimer_1
                0x080003a8       0x24 Polytech-library\src\Timer.o
                0x080003a8                StartTimer_1
 .text.StopTimer_1
                0x080003cc       0x20 Polytech-library\src\Timer.o
                0x080003cc                StopTimer_1
 .text.GetUpdateEvent
                0x080003ec       0x20 Polytech-library\src\Timer.o
                0x080003ec                GetUpdateEvent
 .text.ResetUpdateEvent
                0x0800040c       0x20 Polytech-library\src\Timer.o
                0x0800040c                ResetUpdateEvent
 .text.Timer_t100ms
                0x0800042c       0x3c Polytech-library\src\code_eleve.o
                0x0800042c                Timer_t100ms
 .text.Led_blink
                0x08000468       0x44 Polytech-library\src\code_eleve.o
                0x08000468                Led_blink
 .text.main     0x080004ac       0x22 src\main.o
                0x080004ac                main
 *fill*         0x080004ce        0x2 
 .text.Reset_Handler
                0x080004d0       0x50 src\startup_stm32f446xx.o
                0x080004d0                Reset_Handler
 .text.Default_Handler
                0x08000520        0x2 src\startup_stm32f446xx.o
                0x08000520                RTC_Alarm_IRQHandler
                0x08000520                EXTI2_IRQHandler
                0x08000520                TIM8_CC_IRQHandler
                0x08000520                SPI4_IRQHandler
                0x08000520                TIM1_CC_IRQHandler
                0x08000520                QuadSPI_IRQHandler
                0x08000520                DMA2_Stream5_IRQHandler
                0x08000520                DMA1_Stream5_IRQHandler
                0x08000520                PVD_IRQHandler
                0x08000520                SDIO_IRQHandler
                0x08000520                TAMP_STAMP_IRQHandler
                0x08000520                CAN2_RX1_IRQHandler
                0x08000520                EXTI3_IRQHandler
                0x08000520                TIM8_TRG_COM_TIM14_IRQHandler
                0x08000520                TIM1_UP_TIM10_IRQHandler
                0x08000520                TIM8_UP_TIM13_IRQHandler
                0x08000520                I2C3_ER_IRQHandler
                0x08000520                FMPI2C1_Event_IRQHandler
                0x08000520                EXTI0_IRQHandler
                0x08000520                I2C2_EV_IRQHandler
                0x08000520                DMA1_Stream2_IRQHandler
                0x08000520                CAN1_RX0_IRQHandler
                0x08000520                FPU_IRQHandler
                0x08000520                OTG_HS_WKUP_IRQHandler
                0x08000520                CAN2_SCE_IRQHandler
                0x08000520                DMA2_Stream2_IRQHandler
                0x08000520                SPI1_IRQHandler
                0x08000520                TIM6_DAC_IRQHandler
                0x08000520                TIM1_BRK_TIM9_IRQHandler
                0x08000520                DCMI_IRQHandler
                0x08000520                CAN2_RX0_IRQHandler
                0x08000520                DMA2_Stream3_IRQHandler
                0x08000520                SAI2_IRQHandler
                0x08000520                USART6_IRQHandler
                0x08000520                USART3_IRQHandler
                0x08000520                CAN1_RX1_IRQHandler
                0x08000520                UART5_IRQHandler
                0x08000520                DMA2_Stream0_IRQHandler
                0x08000520                TIM4_IRQHandler
                0x08000520                I2C1_EV_IRQHandler
                0x08000520                DMA1_Stream6_IRQHandler
                0x08000520                DMA1_Stream1_IRQHandler
                0x08000520                UART4_IRQHandler
                0x08000520                TIM3_IRQHandler
                0x08000520                RCC_IRQHandler
                0x08000520                TIM8_BRK_TIM12_IRQHandler
                0x08000520                Default_Handler
                0x08000520                CEC_IRQHandler
                0x08000520                EXTI15_10_IRQHandler
                0x08000520                ADC_IRQHandler
                0x08000520                DMA1_Stream7_IRQHandler
                0x08000520                TIM7_IRQHandler
                0x08000520                CAN2_TX_IRQHandler
                0x08000520                TIM5_IRQHandler
                0x08000520                DMA2_Stream7_IRQHandler
                0x08000520                I2C3_EV_IRQHandler
                0x08000520                EXTI9_5_IRQHandler
                0x08000520                RTC_WKUP_IRQHandler
                0x08000520                SPDIF_RX_IRQHandler
                0x08000520                SPI2_IRQHandler
                0x08000520                OTG_HS_EP1_IN_IRQHandler
                0x08000520                DMA1_Stream0_IRQHandler
                0x08000520                CAN1_TX_IRQHandler
                0x08000520                EXTI4_IRQHandler
                0x08000520                OTG_HS_EP1_OUT_IRQHandler
                0x08000520                WWDG_IRQHandler
                0x08000520                TIM2_IRQHandler
                0x08000520                OTG_FS_WKUP_IRQHandler
                0x08000520                TIM1_TRG_COM_TIM11_IRQHandler
                0x08000520                OTG_HS_IRQHandler
                0x08000520                EXTI1_IRQHandler
                0x08000520                USART2_IRQHandler
                0x08000520                I2C2_ER_IRQHandler
                0x08000520                DMA2_Stream1_IRQHandler
                0x08000520                CAN1_SCE_IRQHandler
                0x08000520                FLASH_IRQHandler
                0x08000520                DMA2_Stream4_IRQHandler
                0x08000520                USART1_IRQHandler
                0x08000520                OTG_FS_IRQHandler
                0x08000520                SPI3_IRQHandler
                0x08000520                DMA1_Stream4_IRQHandler
                0x08000520                I2C1_ER_IRQHandler
                0x08000520                FMC_IRQHandler
                0x08000520                DMA2_Stream6_IRQHandler
                0x08000520                SAI1_IRQHandler
                0x08000520                DMA1_Stream3_IRQHandler
                0x08000520                FMPI2C1_Error_IRQHandler
 .text.NMI_Handler
                0x08000522        0xe src\stm32f4xx_it.o
                0x08000522                NMI_Handler
 .text.HardFault_Handler
                0x08000530        0x6 src\stm32f4xx_it.o
                0x08000530                HardFault_Handler
 .text.MemManage_Handler
                0x08000536        0x6 src\stm32f4xx_it.o
                0x08000536                MemManage_Handler
 .text.BusFault_Handler
                0x0800053c        0x6 src\stm32f4xx_it.o
                0x0800053c                BusFault_Handler
 .text.UsageFault_Handler
                0x08000542        0x6 src\stm32f4xx_it.o
                0x08000542                UsageFault_Handler
 .text.SVC_Handler
                0x08000548        0xe src\stm32f4xx_it.o
                0x08000548                SVC_Handler
 .text.DebugMon_Handler
                0x08000556        0xe src\stm32f4xx_it.o
                0x08000556                DebugMon_Handler
 .text.PendSV_Handler
                0x08000564        0xe src\stm32f4xx_it.o
                0x08000564                PendSV_Handler
 .text.SysTick_Handler
                0x08000572        0xe src\stm32f4xx_it.o
                0x08000572                SysTick_Handler
 .text.SystemInit
                0x08000580       0x6c src\system_stm32f4xx.o
                0x08000580                SystemInit
 .text.__libc_init_array
                0x080005ec       0x48 c:/program files (x86)/atollic/truestudio for arm 8.0.0/armtools/bin/../lib/gcc/arm-atollic-eabi/6.3.1/../../../../arm-atollic-eabi/lib/armv7e-m/fpu\libc_nano.a(lib_a-init.o)
                0x080005ec                __libc_init_array
 *(.glue_7)
 .glue_7        0x08000634        0x0 linker stubs
 *(.glue_7t)
 .glue_7t       0x08000634        0x0 linker stubs
 *(.eh_frame)
 .eh_frame      0x08000634        0x0 c:/program files (x86)/atollic/truestudio for arm 8.0.0/armtools/bin/../lib/gcc/arm-atollic-eabi/6.3.1/armv7e-m/fpu/crtbegin.o
 *(.init)
 .init          0x08000634        0x4 c:/program files (x86)/atollic/truestudio for arm 8.0.0/armtools/bin/../lib/gcc/arm-atollic-eabi/6.3.1/armv7e-m/fpu/crti.o
                0x08000634                _init
 .init          0x08000638        0x8 c:/program files (x86)/atollic/truestudio for arm 8.0.0/armtools/bin/../lib/gcc/arm-atollic-eabi/6.3.1/armv7e-m/fpu/crtn.o
 *(.fini)
 .fini          0x08000640        0x4 c:/program files (x86)/atollic/truestudio for arm 8.0.0/armtools/bin/../lib/gcc/arm-atollic-eabi/6.3.1/armv7e-m/fpu/crti.o
                0x08000640                _fini
 .fini          0x08000644        0x8 c:/program files (x86)/atollic/truestudio for arm 8.0.0/armtools/bin/../lib/gcc/arm-atollic-eabi/6.3.1/armv7e-m/fpu/crtn.o
                0x0800064c                . = ALIGN (0x4)
                0x0800064c                _etext = .

.vfp11_veneer   0x0800064c        0x0
 .vfp11_veneer  0x0800064c        0x0 linker stubs

.v4_bx          0x0800064c        0x0
 .v4_bx         0x0800064c        0x0 linker stubs

.iplt           0x0800064c        0x0
 .iplt          0x0800064c        0x0 c:/program files (x86)/atollic/truestudio for arm 8.0.0/armtools/bin/../lib/gcc/arm-atollic-eabi/6.3.1/armv7e-m/fpu/crtbegin.o

.rel.dyn        0x0800064c        0x0
 .rel.iplt      0x0800064c        0x0 c:/program files (x86)/atollic/truestudio for arm 8.0.0/armtools/bin/../lib/gcc/arm-atollic-eabi/6.3.1/armv7e-m/fpu/crtbegin.o

.rodata         0x0800064c        0x0
                0x0800064c                . = ALIGN (0x4)
 *(.rodata)
 *(.rodata*)
                0x0800064c                . = ALIGN (0x4)

.ARM.extab
 *(.ARM.extab* .gnu.linkonce.armextab.*)

.ARM            0x0800064c        0x0
                0x0800064c                __exidx_start = .
 *(.ARM.exidx*)
                0x0800064c                __exidx_end = .

.preinit_array  0x0800064c        0x0
                0x0800064c                PROVIDE (__preinit_array_start, .)
 *(.preinit_array*)
                0x0800064c                PROVIDE (__preinit_array_end, .)

.init_array     0x0800064c        0x4
                0x0800064c                PROVIDE (__init_array_start, .)
 *(SORT(.init_array.*))
 *(.init_array*)
 .init_array    0x0800064c        0x4 c:/program files (x86)/atollic/truestudio for arm 8.0.0/armtools/bin/../lib/gcc/arm-atollic-eabi/6.3.1/armv7e-m/fpu/crtbegin.o
                0x08000650                PROVIDE (__init_array_end, .)

.fini_array     0x08000650        0x4
                [!provide]                PROVIDE (__fini_array_start, .)
 *(SORT(.fini_array.*))
 *(.fini_array*)
 .fini_array    0x08000650        0x4 c:/program files (x86)/atollic/truestudio for arm 8.0.0/armtools/bin/../lib/gcc/arm-atollic-eabi/6.3.1/armv7e-m/fpu/crtbegin.o
                [!provide]                PROVIDE (__fini_array_end, .)
                0x08000654                _sidata = LOADADDR (.data)

.data           0x20000000        0x0 load address 0x08000654
                0x20000000                . = ALIGN (0x4)
                0x20000000                _sdata = .
 *(.data)
 *(.data*)
                0x20000000                . = ALIGN (0x4)
                0x20000000                _edata = .

.igot.plt       0x20000000        0x0 load address 0x08000654
 .igot.plt      0x20000000        0x0 c:/program files (x86)/atollic/truestudio for arm 8.0.0/armtools/bin/../lib/gcc/arm-atollic-eabi/6.3.1/armv7e-m/fpu/crtbegin.o
                0x20000000                . = ALIGN (0x4)

.bss            0x20000000       0x20 load address 0x08000654
                0x20000000                _sbss = .
                0x20000000                __bss_start__ = _sbss
 *(.bss)
 .bss           0x20000000       0x1c c:/program files (x86)/atollic/truestudio for arm 8.0.0/armtools/bin/../lib/gcc/arm-atollic-eabi/6.3.1/armv7e-m/fpu/crtbegin.o
 *(.bss*)
 *(COMMON)
 COMMON         0x2000001c        0x1 Polytech-library\src\code_eleve.o
                0x2000001c                blink
                0x20000020                . = ALIGN (0x4)
 *fill*         0x2000001d        0x3 
                0x20000020                _ebss = .
                0x20000020                __bss_end__ = _ebss

._user_heap_stack
                0x20000020      0x400 load address 0x08000654
                0x20000020                . = ALIGN (0x4)
                [!provide]                PROVIDE (end, .)
                [!provide]                PROVIDE (_end, .)
                0x20000020                . = (. + _Min_Heap_Size)
                0x20000420                . = (. + _Min_Stack_Size)
 *fill*         0x20000020      0x400 
                0x20000420                . = ALIGN (0x4)

.memory_b1_text
 *(.mb1text)
 *(.mb1text*)
 *(.mb1rodata)
 *(.mb1rodata*)

/DISCARD/
 libc.a(*)
 libm.a(*)
 libgcc.a(*)

.ARM.attributes
                0x00000000       0x30
 *(.ARM.attributes)
 .ARM.attributes
                0x00000000       0x22 c:/program files (x86)/atollic/truestudio for arm 8.0.0/armtools/bin/../lib/gcc/arm-atollic-eabi/6.3.1/armv7e-m/fpu/crti.o
 .ARM.attributes
                0x00000022       0x34 c:/program files (x86)/atollic/truestudio for arm 8.0.0/armtools/bin/../lib/gcc/arm-atollic-eabi/6.3.1/armv7e-m/fpu/crtbegin.o
 .ARM.attributes
                0x00000056       0x39 Polytech-library\src\Adc.o
 .ARM.attributes
                0x0000008f       0x39 Polytech-library\src\Clocks.o
 .ARM.attributes
                0x000000c8       0x39 Polytech-library\src\Port_conf.o
 .ARM.attributes
                0x00000101       0x39 Polytech-library\src\Timer.o
 .ARM.attributes
                0x0000013a       0x39 Polytech-library\src\code_eleve.o
 .ARM.attributes
                0x00000173       0x39 src\main.o
 .ARM.attributes
                0x000001ac       0x21 src\startup_stm32f446xx.o
 .ARM.attributes
                0x000001cd       0x39 src\stm32f4xx_it.o
 .ARM.attributes
                0x00000206       0x39 src\system_stm32f4xx.o
 .ARM.attributes
                0x0000023f       0x34 c:/program files (x86)/atollic/truestudio for arm 8.0.0/armtools/bin/../lib/gcc/arm-atollic-eabi/6.3.1/../../../../arm-atollic-eabi/lib/armv7e-m/fpu\libc_nano.a(lib_a-init.o)
 .ARM.attributes
                0x00000273       0x22 c:/program files (x86)/atollic/truestudio for arm 8.0.0/armtools/bin/../lib/gcc/arm-atollic-eabi/6.3.1/armv7e-m/fpu/crtn.o
OUTPUT(Polytech-TIS-TP2.elf elf32-littlearm)

.debug_info     0x00000000     0x13c6
 .debug_info    0x00000000      0x2ba Polytech-library\src\Adc.o
 .debug_info    0x000002ba      0x350 Polytech-library\src\Clocks.o
 .debug_info    0x0000060a      0x171 Polytech-library\src\Port_conf.o
 .debug_info    0x0000077b      0x269 Polytech-library\src\Timer.o
 .debug_info    0x000009e4      0x2ce Polytech-library\src\code_eleve.o
 .debug_info    0x00000cb2       0xf2 src\main.o
 .debug_info    0x00000da4       0x60 src\startup_stm32f446xx.o
 .debug_info    0x00000e04       0xbf src\stm32f4xx_it.o
 .debug_info    0x00000ec3      0x503 src\system_stm32f4xx.o

.debug_abbrev   0x00000000      0x70f
 .debug_abbrev  0x00000000      0x10b Polytech-library\src\Adc.o
 .debug_abbrev  0x0000010b       0xff Polytech-library\src\Clocks.o
 .debug_abbrev  0x0000020a       0xc2 Polytech-library\src\Port_conf.o
 .debug_abbrev  0x000002cc       0xca Polytech-library\src\Timer.o
 .debug_abbrev  0x00000396      0x191 Polytech-library\src\code_eleve.o
 .debug_abbrev  0x00000527       0x8b src\main.o
 .debug_abbrev  0x000005b2       0x12 src\startup_stm32f446xx.o
 .debug_abbrev  0x000005c4       0x2c src\stm32f4xx_it.o
 .debug_abbrev  0x000005f0      0x11f src\system_stm32f4xx.o

.debug_aranges  0x00000000      0x200
 .debug_aranges
                0x00000000       0x48 Polytech-library\src\Adc.o
 .debug_aranges
                0x00000048       0x30 Polytech-library\src\Clocks.o
 .debug_aranges
                0x00000078       0x20 Polytech-library\src\Port_conf.o
 .debug_aranges
                0x00000098       0x48 Polytech-library\src\Timer.o
 .debug_aranges
                0x000000e0       0x50 Polytech-library\src\code_eleve.o
 .debug_aranges
                0x00000130       0x20 src\main.o
 .debug_aranges
                0x00000150       0x28 src\startup_stm32f446xx.o
 .debug_aranges
                0x00000178       0x60 src\stm32f4xx_it.o
 .debug_aranges
                0x000001d8       0x28 src\system_stm32f4xx.o

.debug_ranges   0x00000000      0x178
 .debug_ranges  0x00000000       0x38 Polytech-library\src\Adc.o
 .debug_ranges  0x00000038       0x20 Polytech-library\src\Clocks.o
 .debug_ranges  0x00000058       0x10 Polytech-library\src\Port_conf.o
 .debug_ranges  0x00000068       0x38 Polytech-library\src\Timer.o
 .debug_ranges  0x000000a0       0x40 Polytech-library\src\code_eleve.o
 .debug_ranges  0x000000e0       0x10 src\main.o
 .debug_ranges  0x000000f0       0x20 src\startup_stm32f446xx.o
 .debug_ranges  0x00000110       0x50 src\stm32f4xx_it.o
 .debug_ranges  0x00000160       0x18 src\system_stm32f4xx.o

.debug_line     0x00000000      0xed4
 .debug_line    0x00000000      0x209 Polytech-library\src\Adc.o
 .debug_line    0x00000209      0x1e1 Polytech-library\src\Clocks.o
 .debug_line    0x000003ea      0x1bc Polytech-library\src\Port_conf.o
 .debug_line    0x000005a6      0x209 Polytech-library\src\Timer.o
 .debug_line    0x000007af      0x262 Polytech-library\src\code_eleve.o
 .debug_line    0x00000a11      0x195 src\main.o
 .debug_line    0x00000ba6       0x7b src\startup_stm32f446xx.o
 .debug_line    0x00000c21       0xdf src\stm32f4xx_it.o
 .debug_line    0x00000d00      0x1d4 src\system_stm32f4xx.o

.debug_str      0x00000000      0x793
 .debug_str     0x00000000      0x285 Polytech-library\src\Adc.o
                                0x2db (size before relaxing)
 .debug_str     0x00000285      0x199 Polytech-library\src\Clocks.o
                                0x359 (size before relaxing)
 .debug_str     0x0000041e       0x65 Polytech-library\src\Port_conf.o
                                0x21b (size before relaxing)
 .debug_str     0x00000483       0xb9 Polytech-library\src\Timer.o
                                0x283 (size before relaxing)
 .debug_str     0x0000053c       0xd0 Polytech-library\src\code_eleve.o
                                0x2c9 (size before relaxing)
 .debug_str     0x0000060c       0x29 src\main.o
                                0x1df (size before relaxing)
 .debug_str     0x00000635       0xa6 src\stm32f4xx_it.o
                                0x18c (size before relaxing)
 .debug_str     0x000006db       0xb8 src\system_stm32f4xx.o
                                0x3a1 (size before relaxing)

.comment        0x00000000       0x7c
 .comment       0x00000000       0x7c Polytech-library\src\Adc.o
                                 0x7d (size before relaxing)
 .comment       0x0000007c       0x7d Polytech-library\src\Clocks.o
 .comment       0x0000007c       0x7d Polytech-library\src\Port_conf.o
 .comment       0x0000007c       0x7d Polytech-library\src\Timer.o
 .comment       0x0000007c       0x7d Polytech-library\src\code_eleve.o
 .comment       0x0000007c       0x7d src\main.o
 .comment       0x0000007c       0x7d src\stm32f4xx_it.o
 .comment       0x0000007c       0x7d src\system_stm32f4xx.o

.debug_frame    0x00000000      0x520
 .debug_frame   0x00000000       0xdc Polytech-library\src\Adc.o
 .debug_frame   0x000000dc       0x74 Polytech-library\src\Clocks.o
 .debug_frame   0x00000150       0x30 Polytech-library\src\Port_conf.o
 .debug_frame   0x00000180       0xd0 Polytech-library\src\Timer.o
 .debug_frame   0x00000250      0x110 Polytech-library\src\code_eleve.o
 .debug_frame   0x00000360       0x2c src\main.o
 .debug_frame   0x0000038c      0x110 src\stm32f4xx_it.o
 .debug_frame   0x0000049c       0x58 src\system_stm32f4xx.o
 .debug_frame   0x000004f4       0x2c c:/program files (x86)/atollic/truestudio for arm 8.0.0/armtools/bin/../lib/gcc/arm-atollic-eabi/6.3.1/../../../../arm-atollic-eabi/lib/armv7e-m/fpu\libc_nano.a(lib_a-init.o)

.stabstr        0x00000000       0x3f
 .stabstr       0x00000000       0x3f c:/program files (x86)/atollic/truestudio for arm 8.0.0/armtools/bin/../lib/gcc/arm-atollic-eabi/6.3.1/../../../../arm-atollic-eabi/lib/armv7e-m/fpu\libnosys.a(write.o)

Cross Reference Table

Symbol                                            File
ADC_1_CheckEndOfConversion                        Polytech-library\src\Adc.o
                                                  Polytech-library\src\code_eleve.o
ADC_1_ClearEndOfConversion                        Polytech-library\src\Adc.o
                                                  Polytech-library\src\code_eleve.o
ADC_1_GetResult                                   Polytech-library\src\Adc.o
                                                  Polytech-library\src\code_eleve.o
ADC_1_StartConversion                             Polytech-library\src\Adc.o
                                                  Polytech-library\src\code_eleve.o
ADC_AnalogWatchdogCmd                             cmsis_lib\source\stm32f4xx_adc.o
ADC_AnalogWatchdogSingleChannelConfig             cmsis_lib\source\stm32f4xx_adc.o
ADC_AnalogWatchdogThresholdsConfig                cmsis_lib\source\stm32f4xx_adc.o
ADC_AutoInjectedConvCmd                           cmsis_lib\source\stm32f4xx_adc.o
ADC_ClearFlag                                     cmsis_lib\source\stm32f4xx_adc.o
ADC_ClearITPendingBit                             cmsis_lib\source\stm32f4xx_adc.o
ADC_Cmd                                           cmsis_lib\source\stm32f4xx_adc.o
ADC_CommonInit                                    cmsis_lib\source\stm32f4xx_adc.o
ADC_CommonStructInit                              cmsis_lib\source\stm32f4xx_adc.o
ADC_ContinuousModeCmd                             cmsis_lib\source\stm32f4xx_adc.o
ADC_DMACmd                                        cmsis_lib\source\stm32f4xx_adc.o
ADC_DMARequestAfterLastTransferCmd                cmsis_lib\source\stm32f4xx_adc.o
ADC_DeInit                                        cmsis_lib\source\stm32f4xx_adc.o
ADC_DiscModeChannelCountConfig                    cmsis_lib\source\stm32f4xx_adc.o
ADC_DiscModeCmd                                   cmsis_lib\source\stm32f4xx_adc.o
ADC_EOCOnEachRegularChannelCmd                    cmsis_lib\source\stm32f4xx_adc.o
ADC_ExternalTrigInjectedConvConfig                cmsis_lib\source\stm32f4xx_adc.o
ADC_ExternalTrigInjectedConvEdgeConfig            cmsis_lib\source\stm32f4xx_adc.o
ADC_GetConversionValue                            cmsis_lib\source\stm32f4xx_adc.o
ADC_GetFlagStatus                                 cmsis_lib\source\stm32f4xx_adc.o
ADC_GetITStatus                                   cmsis_lib\source\stm32f4xx_adc.o
ADC_GetInjectedConversionValue                    cmsis_lib\source\stm32f4xx_adc.o
ADC_GetMultiModeConversionValue                   cmsis_lib\source\stm32f4xx_adc.o
ADC_GetSoftwareStartConvStatus                    cmsis_lib\source\stm32f4xx_adc.o
ADC_GetSoftwareStartInjectedConvCmdStatus         cmsis_lib\source\stm32f4xx_adc.o
ADC_IRQHandler                                    src\startup_stm32f446xx.o
ADC_ITConfig                                      cmsis_lib\source\stm32f4xx_adc.o
ADC_Init                                          cmsis_lib\source\stm32f4xx_adc.o
ADC_InjectedChannelConfig                         cmsis_lib\source\stm32f4xx_adc.o
ADC_InjectedDiscModeCmd                           cmsis_lib\source\stm32f4xx_adc.o
ADC_InjectedSequencerLengthConfig                 cmsis_lib\source\stm32f4xx_adc.o
ADC_MultiModeDMARequestAfterLastTransferCmd       cmsis_lib\source\stm32f4xx_adc.o
ADC_RegularChannelConfig                          cmsis_lib\source\stm32f4xx_adc.o
ADC_SetInjectedOffset                             cmsis_lib\source\stm32f4xx_adc.o
ADC_SoftwareStartConv                             cmsis_lib\source\stm32f4xx_adc.o
ADC_SoftwareStartInjectedConv                     cmsis_lib\source\stm32f4xx_adc.o
ADC_StructInit                                    cmsis_lib\source\stm32f4xx_adc.o
ADC_TempSensorVrefintCmd                          cmsis_lib\source\stm32f4xx_adc.o
ADC_VBATCmd                                       cmsis_lib\source\stm32f4xx_adc.o
AFF_LED                                           Polytech-library\src\code_eleve.o
AHBPrescTable                                     src\system_stm32f4xx.o
Additionneur                                      Polytech-library\src\code_eleve.o
BusFault_Handler                                  src\stm32f4xx_it.o
                                                  src\startup_stm32f446xx.o
CAN1_RX0_IRQHandler                               src\startup_stm32f446xx.o
CAN1_RX1_IRQHandler                               src\startup_stm32f446xx.o
CAN1_SCE_IRQHandler                               src\startup_stm32f446xx.o
CAN1_TX_IRQHandler                                src\startup_stm32f446xx.o
CAN2_RX0_IRQHandler                               src\startup_stm32f446xx.o
CAN2_RX1_IRQHandler                               src\startup_stm32f446xx.o
CAN2_SCE_IRQHandler                               src\startup_stm32f446xx.o
CAN2_TX_IRQHandler                                src\startup_stm32f446xx.o
CEC_IRQHandler                                    src\startup_stm32f446xx.o
CRC_CalcBlockCRC                                  cmsis_lib\source\stm32f4xx_crc.o
CRC_CalcCRC                                       cmsis_lib\source\stm32f4xx_crc.o
CRC_GetCRC                                        cmsis_lib\source\stm32f4xx_crc.o
CRC_GetIDRegister                                 cmsis_lib\source\stm32f4xx_crc.o
CRC_ResetDR                                       cmsis_lib\source\stm32f4xx_crc.o
CRC_SetIDRegister                                 cmsis_lib\source\stm32f4xx_crc.o
CheckUart1RxFlag                                  Polytech-library\src\Uart.o
ClockConfiguration                                Polytech-library\src\Clocks.o
                                                  src\main.o
DCMI_IRQHandler                                   src\startup_stm32f446xx.o
DMA1_Stream0_IRQHandler                           src\startup_stm32f446xx.o
DMA1_Stream1_IRQHandler                           src\startup_stm32f446xx.o
DMA1_Stream2_IRQHandler                           src\startup_stm32f446xx.o
DMA1_Stream3_IRQHandler                           src\startup_stm32f446xx.o
DMA1_Stream4_IRQHandler                           src\startup_stm32f446xx.o
DMA1_Stream5_IRQHandler                           src\startup_stm32f446xx.o
DMA1_Stream6_IRQHandler                           src\startup_stm32f446xx.o
DMA1_Stream7_IRQHandler                           src\startup_stm32f446xx.o
DMA2_Stream0_IRQHandler                           src\startup_stm32f446xx.o
DMA2_Stream1_IRQHandler                           src\startup_stm32f446xx.o
DMA2_Stream2_IRQHandler                           src\startup_stm32f446xx.o
DMA2_Stream3_IRQHandler                           src\startup_stm32f446xx.o
DMA2_Stream4_IRQHandler                           src\startup_stm32f446xx.o
DMA2_Stream5_IRQHandler                           src\startup_stm32f446xx.o
DMA2_Stream6_IRQHandler                           src\startup_stm32f446xx.o
DMA2_Stream7_IRQHandler                           src\startup_stm32f446xx.o
DMA_ClearFlag                                     cmsis_lib\source\stm32f4xx_dma.o
DMA_ClearITPendingBit                             cmsis_lib\source\stm32f4xx_dma.o
DMA_Cmd                                           cmsis_lib\source\stm32f4xx_dma.o
DMA_DeInit                                        cmsis_lib\source\stm32f4xx_dma.o
DMA_DoubleBufferModeCmd                           cmsis_lib\source\stm32f4xx_dma.o
DMA_DoubleBufferModeConfig                        cmsis_lib\source\stm32f4xx_dma.o
DMA_FlowControllerConfig                          cmsis_lib\source\stm32f4xx_dma.o
DMA_GetCmdStatus                                  cmsis_lib\source\stm32f4xx_dma.o
DMA_GetCurrDataCounter                            cmsis_lib\source\stm32f4xx_dma.o
DMA_GetCurrentMemoryTarget                        cmsis_lib\source\stm32f4xx_dma.o
DMA_GetFIFOStatus                                 cmsis_lib\source\stm32f4xx_dma.o
DMA_GetFlagStatus                                 cmsis_lib\source\stm32f4xx_dma.o
DMA_GetITStatus                                   cmsis_lib\source\stm32f4xx_dma.o
DMA_ITConfig                                      cmsis_lib\source\stm32f4xx_dma.o
DMA_Init                                          cmsis_lib\source\stm32f4xx_dma.o
DMA_MemoryTargetConfig                            cmsis_lib\source\stm32f4xx_dma.o
DMA_PeriphIncOffsetSizeConfig                     cmsis_lib\source\stm32f4xx_dma.o
DMA_SetCurrDataCounter                            cmsis_lib\source\stm32f4xx_dma.o
DMA_StructInit                                    cmsis_lib\source\stm32f4xx_dma.o
DebugMon_Handler                                  src\stm32f4xx_it.o
                                                  src\startup_stm32f446xx.o
Default_Handler                                   src\startup_stm32f446xx.o
EXTI0_IRQHandler                                  src\startup_stm32f446xx.o
EXTI15_10_IRQHandler                              src\startup_stm32f446xx.o
EXTI1_IRQHandler                                  src\startup_stm32f446xx.o
EXTI2_IRQHandler                                  src\startup_stm32f446xx.o
EXTI3_IRQHandler                                  src\startup_stm32f446xx.o
EXTI4_IRQHandler                                  src\startup_stm32f446xx.o
EXTI9_5_IRQHandler                                src\startup_stm32f446xx.o
EXTI_ClearFlag                                    cmsis_lib\source\stm32f4xx_exti.o
EXTI_ClearITPendingBit                            cmsis_lib\source\stm32f4xx_exti.o
EXTI_DeInit                                       cmsis_lib\source\stm32f4xx_exti.o
EXTI_GenerateSWInterrupt                          cmsis_lib\source\stm32f4xx_exti.o
EXTI_GetFlagStatus                                cmsis_lib\source\stm32f4xx_exti.o
EXTI_GetITStatus                                  cmsis_lib\source\stm32f4xx_exti.o
EXTI_Init                                         cmsis_lib\source\stm32f4xx_exti.o
EXTI_StructInit                                   cmsis_lib\source\stm32f4xx_exti.o
FLASH_IRQHandler                                  src\startup_stm32f446xx.o
FMC_IRQHandler                                    src\startup_stm32f446xx.o
FMPI2C1_Error_IRQHandler                          src\startup_stm32f446xx.o
FMPI2C1_Event_IRQHandler                          src\startup_stm32f446xx.o
FPU_IRQHandler                                    src\startup_stm32f446xx.o
FonctionsLogiques                                 Polytech-library\src\code_eleve.o
GPIO_DeInit                                       cmsis_lib\source\stm32f4xx_gpio.o
GPIO_Init                                         cmsis_lib\source\stm32f4xx_gpio.o
GPIO_PinAFConfig                                  cmsis_lib\source\stm32f4xx_gpio.o
GPIO_PinLockConfig                                cmsis_lib\source\stm32f4xx_gpio.o
GPIO_ReadInputData                                cmsis_lib\source\stm32f4xx_gpio.o
GPIO_ReadInputDataBit                             cmsis_lib\source\stm32f4xx_gpio.o
GPIO_ReadOutputData                               cmsis_lib\source\stm32f4xx_gpio.o
GPIO_ReadOutputDataBit                            cmsis_lib\source\stm32f4xx_gpio.o
GPIO_ResetBits                                    cmsis_lib\source\stm32f4xx_gpio.o
GPIO_SetBits                                      cmsis_lib\source\stm32f4xx_gpio.o
GPIO_StructInit                                   cmsis_lib\source\stm32f4xx_gpio.o
GPIO_ToggleBits                                   cmsis_lib\source\stm32f4xx_gpio.o
GPIO_Write                                        cmsis_lib\source\stm32f4xx_gpio.o
GPIO_WriteBit                                     cmsis_lib\source\stm32f4xx_gpio.o
GetByteUart1                                      Polytech-library\src\Uart.o
GetTimer1Count                                    Polytech-library\src\Timer.o
GetUpdateEvent                                    Polytech-library\src\Timer.o
                                                  Polytech-library\src\code_eleve.o
HardFault_Handler                                 src\stm32f4xx_it.o
                                                  src\startup_stm32f446xx.o
I2C1_ER_IRQHandler                                src\startup_stm32f446xx.o
I2C1_EV_IRQHandler                                src\startup_stm32f446xx.o
I2C2_ER_IRQHandler                                src\startup_stm32f446xx.o
I2C2_EV_IRQHandler                                src\startup_stm32f446xx.o
I2C3_ER_IRQHandler                                src\startup_stm32f446xx.o
I2C3_EV_IRQHandler                                src\startup_stm32f446xx.o
I2C_ARPCmd                                        cmsis_lib\source\stm32f4xx_i2c.o
I2C_AcknowledgeConfig                             cmsis_lib\source\stm32f4xx_i2c.o
I2C_CalculatePEC                                  cmsis_lib\source\stm32f4xx_i2c.o
I2C_CheckEvent                                    cmsis_lib\source\stm32f4xx_i2c.o
I2C_ClearFlag                                     cmsis_lib\source\stm32f4xx_i2c.o
I2C_ClearITPendingBit                             cmsis_lib\source\stm32f4xx_i2c.o
I2C_Cmd                                           cmsis_lib\source\stm32f4xx_i2c.o
I2C_DMACmd                                        cmsis_lib\source\stm32f4xx_i2c.o
I2C_DMALastTransferCmd                            cmsis_lib\source\stm32f4xx_i2c.o
I2C_DeInit                                        cmsis_lib\source\stm32f4xx_i2c.o
I2C_DualAddressCmd                                cmsis_lib\source\stm32f4xx_i2c.o
I2C_FastModeDutyCycleConfig                       cmsis_lib\source\stm32f4xx_i2c.o
I2C_GeneralCallCmd                                cmsis_lib\source\stm32f4xx_i2c.o
I2C_GenerateSTART                                 cmsis_lib\source\stm32f4xx_i2c.o
I2C_GenerateSTOP                                  cmsis_lib\source\stm32f4xx_i2c.o
I2C_GetFlagStatus                                 cmsis_lib\source\stm32f4xx_i2c.o
I2C_GetITStatus                                   cmsis_lib\source\stm32f4xx_i2c.o
I2C_GetLastEvent                                  cmsis_lib\source\stm32f4xx_i2c.o
I2C_GetPEC                                        cmsis_lib\source\stm32f4xx_i2c.o
I2C_ITConfig                                      cmsis_lib\source\stm32f4xx_i2c.o
I2C_Init                                          cmsis_lib\source\stm32f4xx_i2c.o
I2C_NACKPositionConfig                            cmsis_lib\source\stm32f4xx_i2c.o
I2C_OwnAddress2Config                             cmsis_lib\source\stm32f4xx_i2c.o
I2C_PECPositionConfig                             cmsis_lib\source\stm32f4xx_i2c.o
I2C_ReadRegister                                  cmsis_lib\source\stm32f4xx_i2c.o
I2C_ReceiveData                                   cmsis_lib\source\stm32f4xx_i2c.o
I2C_SMBusAlertConfig                              cmsis_lib\source\stm32f4xx_i2c.o
I2C_Send7bitAddress                               cmsis_lib\source\stm32f4xx_i2c.o
I2C_SendData                                      cmsis_lib\source\stm32f4xx_i2c.o
I2C_SoftwareResetCmd                              cmsis_lib\source\stm32f4xx_i2c.o
I2C_StretchClockCmd                               cmsis_lib\source\stm32f4xx_i2c.o
I2C_StructInit                                    cmsis_lib\source\stm32f4xx_i2c.o
I2C_TransmitPEC                                   cmsis_lib\source\stm32f4xx_i2c.o
I2S_Cmd                                           cmsis_lib\source\stm32f4xx_spi.o
I2S_FullDuplexConfig                              cmsis_lib\source\stm32f4xx_spi.o
I2S_Init                                          cmsis_lib\source\stm32f4xx_spi.o
I2S_StructInit                                    cmsis_lib\source\stm32f4xx_spi.o
InitAdc                                           Polytech-library\src\Adc.o
                                                  src\main.o
InitPeripheral                                    Polytech-library\src\Port_conf.o
                                                  src\main.o
InitTimer_1                                       Polytech-library\src\Timer.o
                                                  src\main.o
InitUart1                                         Polytech-library\src\Uart.o
InitUart2                                         Polytech-library\src\Uart.o
LectureInter                                      Polytech-library\src\code_eleve.o
Led_blink                                         Polytech-library\src\code_eleve.o
                                                  src\main.o
MemManage_Handler                                 src\stm32f4xx_it.o
                                                  src\startup_stm32f446xx.o
NMI_Handler                                       src\stm32f4xx_it.o
                                                  src\startup_stm32f446xx.o
NVIC_Init                                         cmsis_lib\source\misc.o
NVIC_PriorityGroupConfig                          cmsis_lib\source\misc.o
NVIC_SetVectorTable                               cmsis_lib\source\misc.o
NVIC_SystemLPConfig                               cmsis_lib\source\misc.o
OTG_FS_IRQHandler                                 src\startup_stm32f446xx.o
OTG_FS_WKUP_IRQHandler                            src\startup_stm32f446xx.o
OTG_HS_EP1_IN_IRQHandler                          src\startup_stm32f446xx.o
OTG_HS_EP1_OUT_IRQHandler                         src\startup_stm32f446xx.o
OTG_HS_IRQHandler                                 src\startup_stm32f446xx.o
OTG_HS_WKUP_IRQHandler                            src\startup_stm32f446xx.o
PVD_IRQHandler                                    src\startup_stm32f446xx.o
PWR_BackupAccessCmd                               cmsis_lib\source\stm32f4xx_pwr.o
PWR_BackupRegulatorCmd                            cmsis_lib\source\stm32f4xx_pwr.o
PWR_ClearFlag                                     cmsis_lib\source\stm32f4xx_pwr.o
PWR_DeInit                                        cmsis_lib\source\stm32f4xx_pwr.o
PWR_EnterSTANDBYMode                              cmsis_lib\source\stm32f4xx_pwr.o
PWR_EnterSTOPMode                                 cmsis_lib\source\stm32f4xx_pwr.o
PWR_FlashPowerDownCmd                             cmsis_lib\source\stm32f4xx_pwr.o
PWR_GetFlagStatus                                 cmsis_lib\source\stm32f4xx_pwr.o
PWR_MainRegulatorModeConfig                       cmsis_lib\source\stm32f4xx_pwr.o
PWR_PVDCmd                                        cmsis_lib\source\stm32f4xx_pwr.o
PWR_PVDLevelConfig                                cmsis_lib\source\stm32f4xx_pwr.o
PWR_WakeUpPinCmd                                  cmsis_lib\source\stm32f4xx_pwr.o
PendSV_Handler                                    src\stm32f4xx_it.o
                                                  src\startup_stm32f446xx.o
QuadSPI_IRQHandler                                src\startup_stm32f446xx.o
RCC_AHB1PeriphClockCmd                            cmsis_lib\source\stm32f4xx_rcc.o
RCC_AHB1PeriphClockLPModeCmd                      cmsis_lib\source\stm32f4xx_rcc.o
RCC_AHB1PeriphResetCmd                            cmsis_lib\source\stm32f4xx_rcc.o
                                                  cmsis_lib\source\stm32f4xx_gpio.o
RCC_AHB2PeriphClockCmd                            cmsis_lib\source\stm32f4xx_rcc.o
RCC_AHB2PeriphClockLPModeCmd                      cmsis_lib\source\stm32f4xx_rcc.o
RCC_AHB2PeriphResetCmd                            cmsis_lib\source\stm32f4xx_rcc.o
RCC_AHB3PeriphClockCmd                            cmsis_lib\source\stm32f4xx_rcc.o
RCC_AHB3PeriphClockLPModeCmd                      cmsis_lib\source\stm32f4xx_rcc.o
RCC_AHB3PeriphResetCmd                            cmsis_lib\source\stm32f4xx_rcc.o
RCC_APB1PeriphClockCmd                            cmsis_lib\source\stm32f4xx_rcc.o
RCC_APB1PeriphClockLPModeCmd                      cmsis_lib\source\stm32f4xx_rcc.o
RCC_APB1PeriphResetCmd                            cmsis_lib\source\stm32f4xx_rcc.o
                                                  cmsis_lib\source\stm32f4xx_tim.o
                                                  cmsis_lib\source\stm32f4xx_spi.o
                                                  cmsis_lib\source\stm32f4xx_pwr.o
                                                  cmsis_lib\source\stm32f4xx_i2c.o
RCC_APB2PeriphClockCmd                            cmsis_lib\source\stm32f4xx_rcc.o
RCC_APB2PeriphClockLPModeCmd                      cmsis_lib\source\stm32f4xx_rcc.o
RCC_APB2PeriphResetCmd                            cmsis_lib\source\stm32f4xx_rcc.o
                                                  cmsis_lib\source\stm32f4xx_tim.o
                                                  cmsis_lib\source\stm32f4xx_syscfg.o
                                                  cmsis_lib\source\stm32f4xx_spi.o
                                                  cmsis_lib\source\stm32f4xx_adc.o
RCC_AdjustHSICalibrationValue                     cmsis_lib\source\stm32f4xx_rcc.o
RCC_BackupResetCmd                                cmsis_lib\source\stm32f4xx_rcc.o
RCC_ClearFlag                                     cmsis_lib\source\stm32f4xx_rcc.o
RCC_ClearITPendingBit                             cmsis_lib\source\stm32f4xx_rcc.o
RCC_ClockSecuritySystemCmd                        cmsis_lib\source\stm32f4xx_rcc.o
RCC_DeInit                                        cmsis_lib\source\stm32f4xx_rcc.o
RCC_GetClocksFreq                                 cmsis_lib\source\stm32f4xx_rcc.o
                                                  cmsis_lib\source\stm32f4xx_i2c.o
RCC_GetFlagStatus                                 cmsis_lib\source\stm32f4xx_rcc.o
RCC_GetITStatus                                   cmsis_lib\source\stm32f4xx_rcc.o
RCC_GetSYSCLKSource                               cmsis_lib\source\stm32f4xx_rcc.o
RCC_HCLKConfig                                    cmsis_lib\source\stm32f4xx_rcc.o
RCC_HSEConfig                                     cmsis_lib\source\stm32f4xx_rcc.o
RCC_HSICmd                                        cmsis_lib\source\stm32f4xx_rcc.o
RCC_I2SCLKConfig                                  cmsis_lib\source\stm32f4xx_rcc.o
RCC_IRQHandler                                    src\startup_stm32f446xx.o
RCC_ITConfig                                      cmsis_lib\source\stm32f4xx_rcc.o
RCC_LSEConfig                                     cmsis_lib\source\stm32f4xx_rcc.o
RCC_LSICmd                                        cmsis_lib\source\stm32f4xx_rcc.o
RCC_MCO1Config                                    cmsis_lib\source\stm32f4xx_rcc.o
RCC_MCO2Config                                    cmsis_lib\source\stm32f4xx_rcc.o
RCC_PCLK1Config                                   cmsis_lib\source\stm32f4xx_rcc.o
RCC_PCLK2Config                                   cmsis_lib\source\stm32f4xx_rcc.o
RCC_PLLCmd                                        cmsis_lib\source\stm32f4xx_rcc.o
RCC_PLLConfig                                     cmsis_lib\source\stm32f4xx_rcc.o
RCC_PLLI2SCmd                                     cmsis_lib\source\stm32f4xx_rcc.o
RCC_PLLI2SConfig                                  cmsis_lib\source\stm32f4xx_rcc.o
RCC_RTCCLKCmd                                     cmsis_lib\source\stm32f4xx_rcc.o
RCC_RTCCLKConfig                                  cmsis_lib\source\stm32f4xx_rcc.o
RCC_SYSCLKConfig                                  cmsis_lib\source\stm32f4xx_rcc.o
RCC_WaitForHSEStartUp                             cmsis_lib\source\stm32f4xx_rcc.o
RTC_Alarm_IRQHandler                              src\startup_stm32f446xx.o
RTC_WKUP_IRQHandler                               src\startup_stm32f446xx.o
ReadPotar                                         Polytech-library\src\code_eleve.o
ResetUpdateEvent                                  Polytech-library\src\Timer.o
                                                  Polytech-library\src\code_eleve.o
Reset_Handler                                     src\startup_stm32f446xx.o
SAI1_IRQHandler                                   src\startup_stm32f446xx.o
SAI2_IRQHandler                                   src\startup_stm32f446xx.o
SDIO_IRQHandler                                   src\startup_stm32f446xx.o
SPDIF_RX_IRQHandler                               src\startup_stm32f446xx.o
SPI1_IRQHandler                                   src\startup_stm32f446xx.o
SPI2_IRQHandler                                   src\startup_stm32f446xx.o
SPI3_IRQHandler                                   src\startup_stm32f446xx.o
SPI4_IRQHandler                                   src\startup_stm32f446xx.o
SPI_BiDirectionalLineConfig                       cmsis_lib\source\stm32f4xx_spi.o
SPI_CalculateCRC                                  cmsis_lib\source\stm32f4xx_spi.o
SPI_Cmd                                           cmsis_lib\source\stm32f4xx_spi.o
SPI_DataSizeConfig                                cmsis_lib\source\stm32f4xx_spi.o
SPI_GetCRC                                        cmsis_lib\source\stm32f4xx_spi.o
SPI_GetCRCPolynomial                              cmsis_lib\source\stm32f4xx_spi.o
SPI_I2S_ClearFlag                                 cmsis_lib\source\stm32f4xx_spi.o
SPI_I2S_ClearITPendingBit                         cmsis_lib\source\stm32f4xx_spi.o
SPI_I2S_DMACmd                                    cmsis_lib\source\stm32f4xx_spi.o
SPI_I2S_DeInit                                    cmsis_lib\source\stm32f4xx_spi.o
SPI_I2S_GetFlagStatus                             cmsis_lib\source\stm32f4xx_spi.o
SPI_I2S_GetITStatus                               cmsis_lib\source\stm32f4xx_spi.o
SPI_I2S_ITConfig                                  cmsis_lib\source\stm32f4xx_spi.o
SPI_I2S_ReceiveData                               cmsis_lib\source\stm32f4xx_spi.o
SPI_I2S_SendData                                  cmsis_lib\source\stm32f4xx_spi.o
SPI_Init                                          cmsis_lib\source\stm32f4xx_spi.o
SPI_NSSInternalSoftwareConfig                     cmsis_lib\source\stm32f4xx_spi.o
SPI_SSOutputCmd                                   cmsis_lib\source\stm32f4xx_spi.o
SPI_StructInit                                    cmsis_lib\source\stm32f4xx_spi.o
SPI_TIModeCmd                                     cmsis_lib\source\stm32f4xx_spi.o
SPI_TransmitCRC                                   cmsis_lib\source\stm32f4xx_spi.o
SVC_Handler                                       src\stm32f4xx_it.o
                                                  src\startup_stm32f446xx.o
SYSCFG_CompensationCellCmd                        cmsis_lib\source\stm32f4xx_syscfg.o
SYSCFG_DeInit                                     cmsis_lib\source\stm32f4xx_syscfg.o
SYSCFG_ETH_MediaInterfaceConfig                   cmsis_lib\source\stm32f4xx_syscfg.o
SYSCFG_EXTILineConfig                             cmsis_lib\source\stm32f4xx_syscfg.o
SYSCFG_GetCompensationCellStatus                  cmsis_lib\source\stm32f4xx_syscfg.o
SYSCFG_MemoryRemapConfig                          cmsis_lib\source\stm32f4xx_syscfg.o
SendByte_Uart1                                    Polytech-library\src\Uart.o
SendByte_Uart2                                    Polytech-library\src\Uart.o
SetClocks                                         Polytech-library\src\Clocks.o
                                                  src\main.o
Spi1Write                                         Polytech-library\src\Spi.o
Spi1_Init                                         Polytech-library\src\Spi.o
StartTimer_1                                      Polytech-library\src\Timer.o
                                                  Polytech-library\src\code_eleve.o
StopTimer_1                                       Polytech-library\src\Timer.o
                                                  Polytech-library\src\code_eleve.o
SysTick_CLKSourceConfig                           cmsis_lib\source\misc.o
SysTick_Handler                                   src\stm32f4xx_it.o
                                                  src\startup_stm32f446xx.o
SystemCoreClock                                   src\system_stm32f4xx.o
SystemCoreClockUpdate                             src\system_stm32f4xx.o
SystemInit                                        src\system_stm32f4xx.o
                                                  src\startup_stm32f446xx.o
                                                  src\main.o
TAMP_STAMP_IRQHandler                             src\startup_stm32f446xx.o
TIM1_BRK_TIM9_IRQHandler                          src\startup_stm32f446xx.o
TIM1_CC_IRQHandler                                src\startup_stm32f446xx.o
TIM1_TRG_COM_TIM11_IRQHandler                     src\startup_stm32f446xx.o
TIM1_UP_TIM10_IRQHandler                          src\startup_stm32f446xx.o
TIM2_IRQHandler                                   src\startup_stm32f446xx.o
TIM3_IRQHandler                                   src\startup_stm32f446xx.o
TIM4_IRQHandler                                   src\startup_stm32f446xx.o
TIM5_IRQHandler                                   src\startup_stm32f446xx.o
TIM6_DAC_IRQHandler                               src\startup_stm32f446xx.o
TIM7_IRQHandler                                   src\startup_stm32f446xx.o
TIM8_BRK_TIM12_IRQHandler                         src\startup_stm32f446xx.o
TIM8_CC_IRQHandler                                src\startup_stm32f446xx.o
TIM8_TRG_COM_TIM14_IRQHandler                     src\startup_stm32f446xx.o
TIM8_UP_TIM13_IRQHandler                          src\startup_stm32f446xx.o
TIM_ARRPreloadConfig                              cmsis_lib\source\stm32f4xx_tim.o
TIM_BDTRConfig                                    cmsis_lib\source\stm32f4xx_tim.o
TIM_BDTRStructInit                                cmsis_lib\source\stm32f4xx_tim.o
TIM_CCPreloadControl                              cmsis_lib\source\stm32f4xx_tim.o
TIM_CCxCmd                                        cmsis_lib\source\stm32f4xx_tim.o
TIM_CCxNCmd                                       cmsis_lib\source\stm32f4xx_tim.o
TIM_ClearFlag                                     cmsis_lib\source\stm32f4xx_tim.o
TIM_ClearITPendingBit                             cmsis_lib\source\stm32f4xx_tim.o
TIM_ClearOC1Ref                                   cmsis_lib\source\stm32f4xx_tim.o
TIM_ClearOC2Ref                                   cmsis_lib\source\stm32f4xx_tim.o
TIM_ClearOC3Ref                                   cmsis_lib\source\stm32f4xx_tim.o
TIM_ClearOC4Ref                                   cmsis_lib\source\stm32f4xx_tim.o
TIM_Cmd                                           cmsis_lib\source\stm32f4xx_tim.o
TIM_CounterModeConfig                             cmsis_lib\source\stm32f4xx_tim.o
TIM_CtrlPWMOutputs                                cmsis_lib\source\stm32f4xx_tim.o
TIM_DMACmd                                        cmsis_lib\source\stm32f4xx_tim.o
TIM_DMAConfig                                     cmsis_lib\source\stm32f4xx_tim.o
TIM_DeInit                                        cmsis_lib\source\stm32f4xx_tim.o
TIM_ETRClockMode1Config                           cmsis_lib\source\stm32f4xx_tim.o
TIM_ETRClockMode2Config                           cmsis_lib\source\stm32f4xx_tim.o
TIM_ETRConfig                                     cmsis_lib\source\stm32f4xx_tim.o
TIM_EncoderInterfaceConfig                        cmsis_lib\source\stm32f4xx_tim.o
TIM_ForcedOC1Config                               cmsis_lib\source\stm32f4xx_tim.o
TIM_ForcedOC2Config                               cmsis_lib\source\stm32f4xx_tim.o
TIM_ForcedOC3Config                               cmsis_lib\source\stm32f4xx_tim.o
TIM_ForcedOC4Config                               cmsis_lib\source\stm32f4xx_tim.o
TIM_GenerateEvent                                 cmsis_lib\source\stm32f4xx_tim.o
TIM_GetCapture1                                   cmsis_lib\source\stm32f4xx_tim.o
TIM_GetCapture2                                   cmsis_lib\source\stm32f4xx_tim.o
TIM_GetCapture3                                   cmsis_lib\source\stm32f4xx_tim.o
TIM_GetCapture4                                   cmsis_lib\source\stm32f4xx_tim.o
TIM_GetCounter                                    cmsis_lib\source\stm32f4xx_tim.o
TIM_GetFlagStatus                                 cmsis_lib\source\stm32f4xx_tim.o
TIM_GetITStatus                                   cmsis_lib\source\stm32f4xx_tim.o
TIM_GetPrescaler                                  cmsis_lib\source\stm32f4xx_tim.o
TIM_ICInit                                        cmsis_lib\source\stm32f4xx_tim.o
TIM_ICStructInit                                  cmsis_lib\source\stm32f4xx_tim.o
TIM_ITConfig                                      cmsis_lib\source\stm32f4xx_tim.o
TIM_ITRxExternalClockConfig                       cmsis_lib\source\stm32f4xx_tim.o
TIM_InternalClockConfig                           cmsis_lib\source\stm32f4xx_tim.o
TIM_OC1FastConfig                                 cmsis_lib\source\stm32f4xx_tim.o
TIM_OC1Init                                       cmsis_lib\source\stm32f4xx_tim.o
TIM_OC1NPolarityConfig                            cmsis_lib\source\stm32f4xx_tim.o
TIM_OC1PolarityConfig                             cmsis_lib\source\stm32f4xx_tim.o
TIM_OC1PreloadConfig                              cmsis_lib\source\stm32f4xx_tim.o
TIM_OC2FastConfig                                 cmsis_lib\source\stm32f4xx_tim.o
TIM_OC2Init                                       cmsis_lib\source\stm32f4xx_tim.o
TIM_OC2NPolarityConfig                            cmsis_lib\source\stm32f4xx_tim.o
TIM_OC2PolarityConfig                             cmsis_lib\source\stm32f4xx_tim.o
TIM_OC2PreloadConfig                              cmsis_lib\source\stm32f4xx_tim.o
TIM_OC3FastConfig                                 cmsis_lib\source\stm32f4xx_tim.o
TIM_OC3Init                                       cmsis_lib\source\stm32f4xx_tim.o
TIM_OC3NPolarityConfig                            cmsis_lib\source\stm32f4xx_tim.o
TIM_OC3PolarityConfig                             cmsis_lib\source\stm32f4xx_tim.o
TIM_OC3PreloadConfig                              cmsis_lib\source\stm32f4xx_tim.o
TIM_OC4FastConfig                                 cmsis_lib\source\stm32f4xx_tim.o
TIM_OC4Init                                       cmsis_lib\source\stm32f4xx_tim.o
TIM_OC4PolarityConfig                             cmsis_lib\source\stm32f4xx_tim.o
TIM_OC4PreloadConfig                              cmsis_lib\source\stm32f4xx_tim.o
TIM_OCStructInit                                  cmsis_lib\source\stm32f4xx_tim.o
TIM_PWMIConfig                                    cmsis_lib\source\stm32f4xx_tim.o
TIM_PrescalerConfig                               cmsis_lib\source\stm32f4xx_tim.o
TIM_RemapConfig                                   cmsis_lib\source\stm32f4xx_tim.o
TIM_SelectCCDMA                                   cmsis_lib\source\stm32f4xx_tim.o
TIM_SelectCOM                                     cmsis_lib\source\stm32f4xx_tim.o
TIM_SelectHallSensor                              cmsis_lib\source\stm32f4xx_tim.o
TIM_SelectInputTrigger                            cmsis_lib\source\stm32f4xx_tim.o
TIM_SelectMasterSlaveMode                         cmsis_lib\source\stm32f4xx_tim.o
TIM_SelectOCxM                                    cmsis_lib\source\stm32f4xx_tim.o
TIM_SelectOnePulseMode                            cmsis_lib\source\stm32f4xx_tim.o
TIM_SelectOutputTrigger                           cmsis_lib\source\stm32f4xx_tim.o
TIM_SelectSlaveMode                               cmsis_lib\source\stm32f4xx_tim.o
TIM_SetAutoreload                                 cmsis_lib\source\stm32f4xx_tim.o
TIM_SetClockDivision                              cmsis_lib\source\stm32f4xx_tim.o
TIM_SetCompare1                                   cmsis_lib\source\stm32f4xx_tim.o
TIM_SetCompare2                                   cmsis_lib\source\stm32f4xx_tim.o
TIM_SetCompare3                                   cmsis_lib\source\stm32f4xx_tim.o
TIM_SetCompare4                                   cmsis_lib\source\stm32f4xx_tim.o
TIM_SetCounter                                    cmsis_lib\source\stm32f4xx_tim.o
TIM_SetIC1Prescaler                               cmsis_lib\source\stm32f4xx_tim.o
TIM_SetIC2Prescaler                               cmsis_lib\source\stm32f4xx_tim.o
TIM_SetIC3Prescaler                               cmsis_lib\source\stm32f4xx_tim.o
TIM_SetIC4Prescaler                               cmsis_lib\source\stm32f4xx_tim.o
TIM_TIxExternalClockConfig                        cmsis_lib\source\stm32f4xx_tim.o
TIM_TimeBaseInit                                  cmsis_lib\source\stm32f4xx_tim.o
TIM_TimeBaseStructInit                            cmsis_lib\source\stm32f4xx_tim.o
TIM_UpdateDisableConfig                           cmsis_lib\source\stm32f4xx_tim.o
TIM_UpdateRequestConfig                           cmsis_lib\source\stm32f4xx_tim.o
Timer_t100ms                                      Polytech-library\src\code_eleve.o
UART4_IRQHandler                                  src\startup_stm32f446xx.o
UART5_IRQHandler                                  src\startup_stm32f446xx.o
USART1_IRQHandler                                 src\startup_stm32f446xx.o
USART2_IRQHandler                                 src\startup_stm32f446xx.o
USART3_IRQHandler                                 src\startup_stm32f446xx.o
USART6_IRQHandler                                 src\startup_stm32f446xx.o
UsageFault_Handler                                src\stm32f4xx_it.o
                                                  src\startup_stm32f446xx.o
WWDG_IRQHandler                                   src\startup_stm32f446xx.o
__deregister_frame_info                           c:/program files (x86)/atollic/truestudio for arm 8.0.0/armtools/bin/../lib/gcc/arm-atollic-eabi/6.3.1/armv7e-m/fpu/crtbegin.o
__dso_handle                                      c:/program files (x86)/atollic/truestudio for arm 8.0.0/armtools/bin/../lib/gcc/arm-atollic-eabi/6.3.1/armv7e-m/fpu/crtbegin.o
__init_array_end                                  c:/program files (x86)/atollic/truestudio for arm 8.0.0/armtools/bin/../lib/gcc/arm-atollic-eabi/6.3.1/../../../../arm-atollic-eabi/lib/armv7e-m/fpu\libc_nano.a(lib_a-init.o)
__init_array_start                                c:/program files (x86)/atollic/truestudio for arm 8.0.0/armtools/bin/../lib/gcc/arm-atollic-eabi/6.3.1/../../../../arm-atollic-eabi/lib/armv7e-m/fpu\libc_nano.a(lib_a-init.o)
__libc_init_array                                 c:/program files (x86)/atollic/truestudio for arm 8.0.0/armtools/bin/../lib/gcc/arm-atollic-eabi/6.3.1/../../../../arm-atollic-eabi/lib/armv7e-m/fpu\libc_nano.a(lib_a-init.o)
                                                  src\startup_stm32f446xx.o
__preinit_array_end                               c:/program files (x86)/atollic/truestudio for arm 8.0.0/armtools/bin/../lib/gcc/arm-atollic-eabi/6.3.1/../../../../arm-atollic-eabi/lib/armv7e-m/fpu\libc_nano.a(lib_a-init.o)
__preinit_array_start                             c:/program files (x86)/atollic/truestudio for arm 8.0.0/armtools/bin/../lib/gcc/arm-atollic-eabi/6.3.1/../../../../arm-atollic-eabi/lib/armv7e-m/fpu\libc_nano.a(lib_a-init.o)
__register_frame_info                             c:/program files (x86)/atollic/truestudio for arm 8.0.0/armtools/bin/../lib/gcc/arm-atollic-eabi/6.3.1/armv7e-m/fpu/crtbegin.o
_ebss                                             src\startup_stm32f446xx.o
_edata                                            src\startup_stm32f446xx.o
_estack                                           src\startup_stm32f446xx.o
_fini                                             c:/program files (x86)/atollic/truestudio for arm 8.0.0/armtools/bin/../lib/gcc/arm-atollic-eabi/6.3.1/armv7e-m/fpu/crti.o
_init                                             c:/program files (x86)/atollic/truestudio for arm 8.0.0/armtools/bin/../lib/gcc/arm-atollic-eabi/6.3.1/armv7e-m/fpu/crti.o
                                                  c:/program files (x86)/atollic/truestudio for arm 8.0.0/armtools/bin/../lib/gcc/arm-atollic-eabi/6.3.1/../../../../arm-atollic-eabi/lib/armv7e-m/fpu\libc_nano.a(lib_a-init.o)
_sbss                                             src\startup_stm32f446xx.o
_sdata                                            src\startup_stm32f446xx.o
_sidata                                           src\startup_stm32f446xx.o
_write                                            c:/program files (x86)/atollic/truestudio for arm 8.0.0/armtools/bin/../lib/gcc/arm-atollic-eabi/6.3.1/../../../../arm-atollic-eabi/lib/armv7e-m/fpu\libnosys.a(write.o)
                                                  src\tiny_printf.o
adc_value                                         src\main.o
blink                                             Polytech-library\src\code_eleve.o
errno                                             c:/program files (x86)/atollic/truestudio for arm 8.0.0/armtools/bin/../lib/gcc/arm-atollic-eabi/6.3.1/../../../../arm-atollic-eabi/lib/armv7e-m/fpu\libnosys.a(errno.o)
                                                  c:/program files (x86)/atollic/truestudio for arm 8.0.0/armtools/bin/../lib/gcc/arm-atollic-eabi/6.3.1/../../../../arm-atollic-eabi/lib/armv7e-m/fpu\libnosys.a(write.o)
fiprintf                                          src\tiny_printf.o
fprintf                                           src\tiny_printf.o
fputs                                             src\tiny_printf.o
fwrite                                            src\tiny_printf.o
g_pfnVectors                                      src\startup_stm32f446xx.o
inter_value                                       src\main.o
iprintf                                           src\tiny_printf.o
main                                              src\main.o
                                                  src\startup_stm32f446xx.o
printf                                            src\tiny_printf.o
puts                                              src\tiny_printf.o
siprintf                                          src\tiny_printf.o
sprintf                                           src\tiny_printf.o
strlen                                            c:/program files (x86)/atollic/truestudio for arm 8.0.0/armtools/bin/../lib/gcc/arm-atollic-eabi/6.3.1/../../../../arm-atollic-eabi/lib/armv7e-m/fpu\libc_nano.a(lib_a-strlen.o)
                                                  src\tiny_printf.o
ts_formatlength                                   src\tiny_printf.o
ts_formatstring                                   src\tiny_printf.o
ts_itoa                                           src\tiny_printf.o
